ARM Linker, 5.03 [Build 76] [MDK-ARM Professional]

==============================================================================

Section Cross References

    system_stm32f10x.o(i.SetSysClock) refers to system_stm32f10x.o(i.SetSysClockTo48) for SetSysClockTo48
    system_stm32f10x.o(i.SystemCoreClockUpdate) refers to system_stm32f10x.o(.data) for SystemCoreClock
    system_stm32f10x.o(i.SystemInit) refers to system_stm32f10x.o(i.SetSysClock) for SetSysClock
    startup_stm32f10x_hd.o(STACK) refers (Special) to heapauxi.o(.text) for __use_two_region_memory
    startup_stm32f10x_hd.o(HEAP) refers (Special) to heapauxi.o(.text) for __use_two_region_memory
    startup_stm32f10x_hd.o(RESET) refers (Special) to heapauxi.o(.text) for __use_two_region_memory
    startup_stm32f10x_hd.o(RESET) refers to startup_stm32f10x_hd.o(STACK) for __initial_sp
    startup_stm32f10x_hd.o(RESET) refers to startup_stm32f10x_hd.o(.text) for Reset_Handler
    startup_stm32f10x_hd.o(RESET) refers to stm32f10x_it.o(i.NMI_Handler) for NMI_Handler
    startup_stm32f10x_hd.o(RESET) refers to stm32f10x_it.o(i.HardFault_Handler) for HardFault_Handler
    startup_stm32f10x_hd.o(RESET) refers to stm32f10x_it.o(i.MemManage_Handler) for MemManage_Handler
    startup_stm32f10x_hd.o(RESET) refers to stm32f10x_it.o(i.BusFault_Handler) for BusFault_Handler
    startup_stm32f10x_hd.o(RESET) refers to stm32f10x_it.o(i.UsageFault_Handler) for UsageFault_Handler
    startup_stm32f10x_hd.o(RESET) refers to stm32f10x_it.o(i.SVC_Handler) for SVC_Handler
    startup_stm32f10x_hd.o(RESET) refers to stm32f10x_it.o(i.DebugMon_Handler) for DebugMon_Handler
    startup_stm32f10x_hd.o(RESET) refers to stm32f10x_it.o(i.PendSV_Handler) for PendSV_Handler
    startup_stm32f10x_hd.o(RESET) refers to stm32f10x_it.o(i.EXTI1_IRQHandler) for EXTI1_IRQHandler
    startup_stm32f10x_hd.o(RESET) refers to stm32f10x_it.o(i.DMA1_Channel4_IRQHandler) for DMA1_Channel4_IRQHandler
    startup_stm32f10x_hd.o(RESET) refers to stm32f10x_it.o(i.DMA1_Channel5_IRQHandler) for DMA1_Channel5_IRQHandler
    startup_stm32f10x_hd.o(RESET) refers to stm32f10x_it.o(i.ADC1_2_IRQHandler) for ADC1_2_IRQHandler
    startup_stm32f10x_hd.o(RESET) refers to stm32f10x_it.o(i.USB_LP_CAN1_RX0_IRQHandler) for USB_LP_CAN1_RX0_IRQHandler
    startup_stm32f10x_hd.o(RESET) refers to stm32f10x_it.o(i.EXTI9_5_IRQHandler) for EXTI9_5_IRQHandler
    startup_stm32f10x_hd.o(RESET) refers to stm32f10x_it.o(i.TIM2_IRQHandler) for TIM2_IRQHandler
    startup_stm32f10x_hd.o(RESET) refers to stm32f10x_it.o(i.EXTI15_10_IRQHandler) for EXTI15_10_IRQHandler
    startup_stm32f10x_hd.o(RESET) refers to stm32f10x_it.o(i.USBWakeUp_IRQHandler) for USBWakeUp_IRQHandler
    startup_stm32f10x_hd.o(.text) refers (Special) to heapauxi.o(.text) for __use_two_region_memory
    startup_stm32f10x_hd.o(.text) refers to system_stm32f10x.o(i.SystemInit) for SystemInit
    startup_stm32f10x_hd.o(.text) refers to __main.o(!!!main) for __main
    startup_stm32f10x_hd.o(.text) refers to startup_stm32f10x_hd.o(HEAP) for Heap_Mem
    startup_stm32f10x_hd.o(.text) refers to startup_stm32f10x_hd.o(STACK) for Stack_Mem
    main.o(i.ADC1_Init) refers to stm32f10x_rcc.o(i.RCC_ADCCLKConfig) for RCC_ADCCLKConfig
    main.o(i.ADC1_Init) refers to stm32f10x_rcc.o(i.RCC_APB2PeriphClockCmd) for RCC_APB2PeriphClockCmd
    main.o(i.ADC1_Init) refers to stm32f10x_gpio.o(i.GPIO_Init) for GPIO_Init
    main.o(i.ADC1_Init) refers to stm32f10x_dma.o(i.DMA_Init) for DMA_Init
    main.o(i.ADC1_Init) refers to stm32f10x_dma.o(i.DMA_Cmd) for DMA_Cmd
    main.o(i.ADC1_Init) refers to lcd_driver.o(i.Delay) for Delay
    main.o(i.ADC1_Init) refers to main.o(i.NVIC_SetPriority) for NVIC_SetPriority
    main.o(i.ADC1_Init) refers to main.o(i.NVIC_EnableIRQ) for NVIC_EnableIRQ
    main.o(i.ADC1_Init) refers to main.o(.data) for ADC1Buff
    main.o(i.Init_Periph) refers to stm32f10x_rcc.o(i.RCC_USBCLKConfig) for RCC_USBCLKConfig
    main.o(i.Init_Periph) refers to stm32f10x_rcc.o(i.RCC_AHBPeriphClockCmd) for RCC_AHBPeriphClockCmd
    main.o(i.Init_Periph) refers to stm32f10x_rcc.o(i.RCC_APB1PeriphClockCmd) for RCC_APB1PeriphClockCmd
    main.o(i.Init_Periph) refers to stm32f10x_rcc.o(i.RCC_APB2PeriphClockCmd) for RCC_APB2PeriphClockCmd
    main.o(i.Init_Periph) refers to stm32f10x_gpio.o(i.GPIO_Init) for GPIO_Init
    main.o(i.Init_Periph) refers to stm32f10x_gpio.o(i.GPIO_SetBits) for GPIO_SetBits
    main.o(i.Init_Periph) refers to stm32f10x_exti.o(i.EXTI_Init) for EXTI_Init
    main.o(i.Init_Periph) refers to main.o(i.NVIC_ClearPendingIRQ) for NVIC_ClearPendingIRQ
    main.o(i.Init_Periph) refers to main.o(i.NVIC_SetPriority) for NVIC_SetPriority
    main.o(i.Init_Periph) refers to main.o(i.NVIC_EnableIRQ) for NVIC_EnableIRQ
    main.o(i.SD_Card_Selftest) refers to spi_sdcard.o(i.SPI_SD_GETCSD) for SPI_SD_GETCSD
    main.o(i.SD_Card_Selftest) refers to ff.o(i.f_mount) for f_mount
    main.o(i.SD_Card_Selftest) refers to ff.o(i.f_getlabel) for f_getlabel
[...]
    i.dir_next                               0x08005190   Section        0  ff.o(i.dir_next)
    dir_next                                 0x08005191   Thumb Code   272  ff.o(i.dir_next)
    i.dir_read                               0x080052a0   Section        0  ff.o(i.dir_read)
    dir_read                                 0x080052a1   Thumb Code   196  ff.o(i.dir_read)
    i.dir_register                           0x08005364   Section        0  ff.o(i.dir_register)
    dir_register                             0x08005365   Thumb Code   310  ff.o(i.dir_register)
    i.dir_remove                             0x0800549a   Section        0  ff.o(i.dir_remove)
    dir_remove                               0x0800549b   Thumb Code    96  ff.o(i.dir_remove)
    i.dir_sdi                                0x080054fa   Section        0  ff.o(i.dir_sdi)
    dir_sdi                                  0x080054fb   Thumb Code   156  ff.o(i.dir_sdi)
    i.disk_initialize                        0x08005598   Section        0  diskio.o(i.disk_initialize)
    i.disk_ioctl                             0x080055d0   Section        0  diskio.o(i.disk_ioctl)
    i.disk_read                              0x08005624   Section        0  diskio.o(i.disk_read)
    i.disk_status                            0x08005678   Section        0  diskio.o(i.disk_status)
    i.disk_write                             0x0800568c   Section        0  diskio.o(i.disk_write)
    i.dma_transfer                           0x080056ec   Section        0  spi_sdcard.o(i.dma_transfer)
    dma_transfer                             0x080056ed   Thumb Code   236  spi_sdcard.o(i.dma_transfer)
    i.f_close                                0x080057e4   Section        0  ff.o(i.f_close)
    i.f_getlabel                             0x080057fa   Section        0  ff.o(i.f_getlabel)
    i.f_lseek                                0x080058b8   Section        0  ff.o(i.f_lseek)
    i.f_mkdir                                0x08005a68   Section        0  ff.o(i.f_mkdir)
    i.f_mkfs                                 0x08005bd0   Section        0  ff.o(i.f_mkfs)
    i.f_mount                                0x08006204   Section        0  ff.o(i.f_mount)
    i.f_open                                 0x08006230   Section        0  ff.o(i.f_open)
    i.f_opendir                              0x08006394   Section        0  ff.o(i.f_opendir)
    i.f_setlabel                             0x0800640c   Section        0  ff.o(i.f_setlabel)
    i.f_sync                                 0x080065a0   Section        0  ff.o(i.f_sync)
    i.f_unlink                               0x08006650   Section        0  ff.o(i.f_unlink)
    i.f_write                                0x08006704   Section        0  ff.o(i.f_write)
    i.ff_convert                             0x08006910   Section        0  ccsbcs.o(i.ff_convert)
    i.ff_wtoupper                            0x0800695c   Section        0  ccsbcs.o(i.ff_wtoupper)
    i.fit_lfn                                0x08006994   Section        0  ff.o(i.fit_lfn)
    fit_lfn                                  0x08006995   Thumb Code   122  ff.o(i.fit_lfn)
    i.follow_path                            0x08006a14   Section        0  ff.o(i.follow_path)
    follow_path                              0x08006a15   Thumb Code   146  ff.o(i.follow_path)
    i.gen_numname                            0x08006aa6   Section        0  ff.o(i.gen_numname)
    i.get_fat                                0x08006b4e   Section        0  ff.o(i.get_fat)
    i.get_fattime                            0x08006c34   Section        0  diskio.o(i.get_fattime)
    i.hex2dec_byte                           0x08006c70   Section        0  rs232.o(i.hex2dec_byte)
    i.hex2dec_word                           0x08006c96   Section        0  rs232.o(i.hex2dec_word)
    i.interface_speed                        0x08006d08   Section        0  spi_sdcard.o(i.interface_speed)
    interface_speed                          0x08006d09   Thumb Code    30  spi_sdcard.o(i.interface_speed)
    i.ld_clust                               0x08006d2c   Section        0  ff.o(i.ld_clust)
    ld_clust                                 0x08006d2d   Thumb Code    32  ff.o(i.ld_clust)
    i.main                                   0x08006d4c   Section        0  main.o(i.main)
    i.mem_cmp                                0x0800775c   Section        0  ff.o(i.mem_cmp)
    mem_cmp                                  0x0800775d   Thumb Code    38  ff.o(i.mem_cmp)
    i.mem_cpy                                0x08007782   Section        0  ff.o(i.mem_cpy)
    mem_cpy                                  0x08007783   Thumb Code    26  ff.o(i.mem_cpy)
    i.mem_set                                0x0800779c   Section        0  ff.o(i.mem_set)
    mem_set                                  0x0800779d   Thumb Code    20  ff.o(i.mem_set)
    i.move_window                            0x080077b0   Section        0  ff.o(i.move_window)
    move_window                              0x080077b1   Thumb Code    50  ff.o(i.move_window)
    i.pick_lfn                               0x080077e4   Section        0  ff.o(i.pick_lfn)
    pick_lfn                                 0x080077e5   Thumb Code   112  ff.o(i.pick_lfn)
    i.power_off                              0x08007858   Section        0  spi_sdcard.o(i.power_off)
    power_off                                0x08007859   Thumb Code    60  spi_sdcard.o(i.power_off)
    i.power_on                               0x080078a0   Section        0  spi_sdcard.o(i.power_on)
    power_on                                 0x080078a1   Thumb Code   204  spi_sdcard.o(i.power_on)
    i.put_fat                                0x0800797c   Section        0  ff.o(i.put_fat)
    i.rcvr_datablock                         0x08007ab8   Section        0  spi_sdcard.o(i.rcvr_datablock)
    rcvr_datablock                           0x08007ab9   Thumb Code    72  spi_sdcard.o(i.rcvr_datablock)
    i.rcvr_spi                               0x08007b04   Section        0  spi_sdcard.o(i.rcvr_spi)
    rcvr_spi                                 0x08007b05   Thumb Code    26  spi_sdcard.o(i.rcvr_spi)
    i.remove_chain                           0x08007b24   Section        0  ff.o(i.remove_chain)
    remove_chain                             0x08007b25   Thumb Code   104  ff.o(i.remove_chain)
    i.sd_card_init                           0x08007b8c   Section        0  spi_sdcard.o(i.sd_card_init)
    i.sdcard_reinitial                       0x08007cd0   Section        0  spi_sdcard.o(i.sdcard_reinitial)
    i.send_cmd                               0x08007d28   Section        0  spi_sdcard.o(i.send_cmd)
    i.spi_rw                                 0x08007dcc   Section        0  spi_sdcard.o(i.spi_rw)
    spi_rw                                   0x08007dcd   Thumb Code    26  spi_sdcard.o(i.spi_rw)
    i.st_clust                               0x08007dec   Section        0  ff.o(i.st_clust)
    st_clust                                 0x08007ded   Thumb Code    16  ff.o(i.st_clust)
    i.sum_sfn                                0x08007dfc   Section        0  ff.o(i.sum_sfn)
    sum_sfn                                  0x08007dfd   Thumb Code    32  ff.o(i.sum_sfn)
    i.sync_fs                                0x08007e1c   Section        0  ff.o(i.sync_fs)
    sync_fs                                  0x08007e1d   Thumb Code   200  ff.o(i.sync_fs)
    i.sync_window                            0x08007ee4   Section        0  ff.o(i.sync_window)
    sync_window                              0x08007ee5   Thumb Code    82  ff.o(i.sync_window)
    i.validate                               0x08007f36   Section        0  ff.o(i.validate)
    validate                                 0x08007f37   Thumb Code    54  ff.o(i.validate)
    i.wait_ready                             0x08007f6c   Section        0  spi_sdcard.o(i.wait_ready)
    wait_ready                               0x08007f6d   Thumb Code    46  spi_sdcard.o(i.wait_ready)
    i.xmit_datablock                         0x08007fa0   Section        0  spi_sdcard.o(i.xmit_datablock)
    xmit_datablock                           0x08007fa1   Thumb Code    74  spi_sdcard.o(i.xmit_datablock)
    i.xmit_spi                               0x08007fec   Section        0  spi_sdcard.o(i.xmit_spi)
    xmit_spi                                 0x08007fed   Thumb Code    26  spi_sdcard.o(i.xmit_spi)
    .constdata                               0x0800800c   Section        2  spi_sdcard.o(.constdata)
    .constdata                               0x0800800e   Section      186  ff.o(.constdata)
    ExCvt                                    0x0800800e   Data         128  ff.o(.constdata)
    LfnOfs                                   0x0800808e   Data          13  ff.o(.constdata)
    vst                                      0x0800809c   Data          22  ff.o(.constdata)
    cst                                      0x080080b2   Data          22  ff.o(.constdata)
    .constdata                               0x080080c8   Section     1216  ccsbcs.o(.constdata)
    Tbl                                      0x080080c8   Data         256  ccsbcs.o(.constdata)
    tbl_lower                                0x080081c8   Data         480  ccsbcs.o(.constdata)
    tbl_upper                                0x080083a8   Data         480  ccsbcs.o(.constdata)
    .constdata                               0x08008588   Section      146  usb_desc.o(.constdata)
    .constdata                               0x0800861a   Section      170  lcd_driver.o(.constdata)
    .data                                    0x20009500   Section       99  main.o(.data)
    days                                     0x20009500   Data          26  main.o(.data)
    .data                                    0x20009564   Section       33  stm32f10x_it.o(.data)
    days                                     0x20009564   Data          26  stm32f10x_it.o(.data)
    .data                                    0x20009585   Section        2  spi_sdcard.o(.data)
    .data                                    0x20009588   Section       30  rs232.o(.data)
    days                                     0x20009588   Data          26  rs232.o(.data)
    .data                                    0x200095a8   Section        6  ff.o(.data)
    FatFs                                    0x200095a8   Data           4  ff.o(.data)
    Fsid                                     0x200095ac   Data           2  ff.o(.data)
    .data                                    0x200095ae   Section        4  usb_core.o(.data)
    .data                                    0x200095b4   Section       20  usb_init.o(.data)
    .data                                    0x200095c8   Section        4  usb_int.o(.data)
    .data                                    0x200095cc   Section       28  mass_mal.o(.data)
    .data                                    0x200095e8   Section       44  memory.o(.data)
    Offset                                   0x200095f4   Data           4  memory.o(.data)
    Length                                   0x200095f8   Data           4  memory.o(.data)
    nbr_blocks                               0x200095fc   Data           4  memory.o(.data)
    W_Offset                                 0x20009600   Data           4  memory.o(.data)
    W_Length                                 0x20009604   Data           4  memory.o(.data)
    temp_user                                0x20009608   Data           4  memory.o(.data)
    .data                                    0x20009614   Section      127  scsi_data.o(.data)
    .data                                    0x20009694   Section       12  usb_bot.o(.data)
    .data                                    0x200096a0   Section       26  usb_desc.o(.data)
    .data                                    0x200096bc   Section       86  usb_istr.o(.data)
    days                                     0x200096bc   Data          26  usb_istr.o(.data)
    .data                                    0x20009714   Section      148  usb_prop.o(.data)
    .data                                    0x200097a8   Section       14  usb_pwr.o(.data)
    .bss                                     0x200097b8   Section     9388  main.o(.bss)
    .bss                                     0x2000bc64   Section       20  spi_sdcard.o(.bss)
    .bss                                     0x2000bc78   Section       62  ff.o(.bss)
    LfnBuf                                   0x2000bc78   Data          62  ff.o(.bss)
    .bss                                     0x2000bcb8   Section       28  usb_init.o(.bss)
    .bss                                     0x2000bcd4   Section     4096  memory.o(.bss)
    .bss                                     0x2000ccd4   Section      112  usb_bot.o(.bss)
    .bss                                     0x2000cd44   Section       96  libspace.o(.bss)
    HEAP                                     0x2000cda8   Section      512  startup_stm32f10x_hd.o(HEAP)
    Heap_Mem                                 0x2000cda8   Data         512  startup_stm32f10x_hd.o(HEAP)
    STACK                                    0x2000cfa8   Section     1024  startup_stm32f10x_hd.o(STACK)
    Stack_Mem                                0x2000cfa8   Data        1024  startup_stm32f10x_hd.o(STACK)
    __initial_sp                             0x2000d3a8   Data           0  startup_stm32f10x_hd.o(STACK)

    Global Symbols

    Symbol Name                              Value     Ov Type        Size  Object(Section)

    BuildAttributes$$THM_ISAv4$P$D$K$B$S$PE$A:L22UL41UL21$X:L11$S22US41US21$IEEE1$IW$USESV6$~STKCKD$USESV7$~SHL$OSPACE$ROPI$EBA8$UX$STANDARDLIB$REQ8$PRES8$EABIv2 0x00000000   Number         0  anon$$obj.o ABSOLUTE
    __ARM_use_no_argv                        0x00000000   Number         0  main.o ABSOLUTE
    __ARM_exceptions_init                     - Undefined Weak Reference
    __alloca_initialize                       - Undefined Weak Reference
    __cpp_initialize__aeabi_                  - Undefined Weak Reference
    __cxa_finalize                            - Undefined Weak Reference
    __rt_locale                               - Undefined Weak Reference
    __sigvec_lookup                           - Undefined Weak Reference
    _atexit_init                              - Undefined Weak Reference
    _call_atexit_fns                          - Undefined Weak Reference
    _clock_init                               - Undefined Weak Reference
    _fp_trap_init                             - Undefined Weak Reference
    _fp_trap_shutdown                         - Undefined Weak Reference
    _get_lc_collate                           - Undefined Weak Reference
    _get_lc_ctype                             - Undefined Weak Reference
    _get_lc_monetary                          - Undefined Weak Reference
    _get_lc_numeric                           - Undefined Weak Reference
    _get_lc_time                              - Undefined Weak Reference
    _getenv_init                              - Undefined Weak Reference
    _handle_redirection                       - Undefined Weak Reference
    _init_alloc                               - Undefined Weak Reference
    _init_user_alloc                          - Undefined Weak Reference
    _initio                                   - Undefined Weak Reference
    _rand_init                                - Undefined Weak Reference
    _signal_finish                            - Undefined Weak Reference
    _signal_init                              - Undefined Weak Reference
    _terminate_alloc                          - Undefined Weak Reference
    _terminate_user_alloc                     - Undefined Weak Reference
    _terminateio                              - Undefined Weak Reference
    __Vectors_Size                           0x00000130   Number         0  startup_stm32f10x_hd.o ABSOLUTE
    __Vectors                                0x08000000   Data           4  startup_stm32f10x_hd.o(RESET)
    __Vectors_End                            0x08000130   Data           0  startup_stm32f10x_hd.o(RESET)
    __main                                   0x08000131   Thumb Code     8  __main.o(!!!main)
    __scatterload                            0x08000139   Thumb Code     0  __scatter.o(!!!scatter)
    __scatterload_rt2                        0x08000139   Thumb Code    44  __scatter.o(!!!scatter)
    __scatterload_rt2_thumb_only             0x08000139   Thumb Code     0  __scatter.o(!!!scatter)
    __scatterload_null                       0x08000147   Thumb Code     0  __scatter.o(!!!scatter)
    __decompress                             0x0800016d   Thumb Code    90  __dczerorl2.o(!!dczerorl2)
    __decompress1                            0x0800016d   Thumb Code     0  __dczerorl2.o(!!dczerorl2)
    __scatterload_zeroinit                   0x080001c9   Thumb Code    28  __scatter_zi.o(!!handler_zi)
    __rt_lib_init                            0x080001e5   Thumb Code     0  libinit.o(.ARM.Collect$$libinit$$00000000)
    __rt_lib_init_alloca_1                   0x080001e7   Thumb Code     0  libinit2.o(.ARM.Collect$$libinit$$0000002C)
    __rt_lib_init_argv_1                     0x080001e7   Thumb Code     0  libinit2.o(.ARM.Collect$$libinit$$0000002A)
    __rt_lib_init_atexit_1                   0x080001e7   Thumb Code     0  libinit2.o(.ARM.Collect$$libinit$$00000019)
    __rt_lib_init_clock_1                    0x080001e7   Thumb Code     0  libinit2.o(.ARM.Collect$$libinit$$0000001F)
    __rt_lib_init_cpp_1                      0x080001e7   Thumb Code     0  libinit2.o(.ARM.Collect$$libinit$$00000030)
    __rt_lib_init_exceptions_1               0x080001e7   Thumb Code     0  libinit2.o(.ARM.Collect$$libinit$$0000002E)
    __rt_lib_init_fp_1                       0x080001e7   Thumb Code     0  libinit2.o(.ARM.Collect$$libinit$$00000002)
    __rt_lib_init_fp_trap_1                  0x080001e7   Thumb Code     0  libinit2.o(.ARM.Collect$$libinit$$0000001D)
    __rt_lib_init_getenv_1                   0x080001e7   Thumb Code     0  libinit2.o(.ARM.Collect$$libinit$$00000021)
    __rt_lib_init_heap_1                     0x080001e7   Thumb Code     0  libinit2.o(.ARM.Collect$$libinit$$00000008)
    __rt_lib_init_lc_collate_1               0x080001e7   Thumb Code     0  libinit2.o(.ARM.Collect$$libinit$$0000000F)
    __rt_lib_init_lc_ctype_1                 0x080001e7   Thumb Code     0  libinit2.o(.ARM.Collect$$libinit$$00000011)
    __rt_lib_init_lc_monetary_1              0x080001e7   Thumb Code     0  libinit2.o(.ARM.Collect$$libinit$$00000013)
    __rt_lib_init_lc_numeric_1               0x080001e7   Thumb Code     0  libinit2.o(.ARM.Collect$$libinit$$00000015)
    __rt_lib_init_lc_time_1                  0x080001e7   Thumb Code     0  libinit2.o(.ARM.Collect$$libinit$$00000017)
    __rt_lib_init_rand_1                     0x080001e7   Thumb Code     0  libinit2.o(.ARM.Collect$$libinit$$0000000C)
    __rt_lib_init_return                     0x080001e7   Thumb Code     0  libinit2.o(.ARM.Collect$$libinit$$00000031)
    __rt_lib_init_signal_1                   0x080001e7   Thumb Code     0  libinit2.o(.ARM.Collect$$libinit$$0000001B)
    __rt_lib_init_stdio_1                    0x080001e7   Thumb Code     0  libinit2.o(.ARM.Collect$$libinit$$00000023)
    __rt_lib_init_user_alloc_1               0x080001e7   Thumb Code     0  libinit2.o(.ARM.Collect$$libinit$$0000000A)
    __rt_lib_shutdown                        0x080001e9   Thumb Code     0  libshutdown.o(.ARM.Collect$$libshutdown$$00000000)
    __rt_lib_shutdown_fp_trap_1              0x080001eb   Thumb Code     0  libshutdown2.o(.ARM.Collect$$libshutdown$$00000006)
    __rt_lib_shutdown_heap_1                 0x080001eb   Thumb Code     0  libshutdown2.o(.ARM.Collect$$libshutdown$$0000000E)
    __rt_lib_shutdown_return                 0x080001eb   Thumb Code     0  libshutdown2.o(.ARM.Collect$$libshutdown$$0000000F)
    __rt_lib_shutdown_signal_1               0x080001eb   Thumb Code     0  libshutdown2.o(.ARM.Collect$$libshutdown$$00000009)
    __rt_lib_shutdown_stdio_1                0x080001eb   Thumb Code     0  libshutdown2.o(.ARM.Collect$$libshutdown$$00000003)
    __rt_lib_shutdown_user_alloc_1           0x080001eb   Thumb Code     0  libshutdown2.o(.ARM.Collect$$libshutdown$$0000000B)
    __rt_entry                               0x080001ed   Thumb Code     0  rtentry.o(.ARM.Collect$$rtentry$$00000000)
    __rt_entry_presh_1                       0x080001ed   Thumb Code     0  rtentry2.o(.ARM.Collect$$rtentry$$00000002)
    __rt_entry_sh                            0x080001ed   Thumb Code     0  rtentry4.o(.ARM.Collect$$rtentry$$00000004)
    __rt_entry_li                            0x080001f3   Thumb Code     0  rtentry2.o(.ARM.Collect$$rtentry$$0000000A)
    __rt_entry_postsh_1                      0x080001f3   Thumb Code     0  rtentry2.o(.ARM.Collect$$rtentry$$00000009)
    __rt_entry_main                          0x080001f7   Thumb Code     0  rtentry2.o(.ARM.Collect$$rtentry$$0000000D)
    __rt_entry_postli_1                      0x080001f7   Thumb Code     0  rtentry2.o(.ARM.Collect$$rtentry$$0000000C)
    __rt_exit                                0x080001ff   Thumb Code     0  rtexit.o(.ARM.Collect$$rtexit$$00000000)
    __rt_exit_ls                             0x08000201   Thumb Code     0  rtexit2.o(.ARM.Collect$$rtexit$$00000003)
    __rt_exit_prels_1                        0x08000201   Thumb Code     0  rtexit2.o(.ARM.Collect$$rtexit$$00000002)
    __rt_exit_exit                           0x08000205   Thumb Code     0  rtexit2.o(.ARM.Collect$$rtexit$$00000004)
    Reset_Handler                            0x0800020d   Thumb Code     8  startup_stm32f10x_hd.o(.text)
    SysTick_Handler                          0x08000225   Thumb Code     2  startup_stm32f10x_hd.o(.text)
    ADC3_IRQHandler                          0x08000227   Thumb Code     0  startup_stm32f10x_hd.o(.text)
    CAN1_RX1_IRQHandler                      0x08000227   Thumb Code     0  startup_stm32f10x_hd.o(.text)
    CAN1_SCE_IRQHandler                      0x08000227   Thumb Code     0  startup_stm32f10x_hd.o(.text)
    DMA1_Channel1_IRQHandler                 0x08000227   Thumb Code     0  startup_stm32f10x_hd.o(.text)
    DMA1_Channel2_IRQHandler                 0x08000227   Thumb Code     0  startup_stm32f10x_hd.o(.text)
    DMA1_Channel3_IRQHandler                 0x08000227   Thumb Code     0  startup_stm32f10x_hd.o(.text)
    DMA1_Channel6_IRQHandler                 0x08000227   Thumb Code     0  startup_stm32f10x_hd.o(.text)
    DMA1_Channel7_IRQHandler                 0x08000227   Thumb Code     0  startup_stm32f10x_hd.o(.text)
    DMA2_Channel1_IRQHandler                 0x08000227   Thumb Code     0  startup_stm32f10x_hd.o(.text)
    DMA2_Channel2_IRQHandler                 0x08000227   Thumb Code     0  startup_stm32f10x_hd.o(.text)
    DMA2_Channel3_IRQHandler                 0x08000227   Thumb Code     0  startup_stm32f10x_hd.o(.text)
    DMA2_Channel4_5_IRQHandler               0x08000227   Thumb Code     0  startup_stm32f10x_hd.o(.text)
    EXTI0_IRQHandler                         0x08000227   Thumb Code     0  startup_stm32f10x_hd.o(.text)
    EXTI2_IRQHandler                         0x08000227   Thumb Code     0  startup_stm32f10x_hd.o(.text)
    EXTI3_IRQHandler                         0x08000227   Thumb Code     0  startup_stm32f10x_hd.o(.text)
    EXTI4_IRQHandler                         0x08000227   Thumb Code     0  startup_stm32f10x_hd.o(.text)
    FLASH_IRQHandler                         0x08000227   Thumb Code     0  startup_stm32f10x_hd.o(.text)
    FSMC_IRQHandler                          0x08000227   Thumb Code     0  startup_stm32f10x_hd.o(.text)
    I2C1_ER_IRQHandler                       0x08000227   Thumb Code     0  startup_stm32f10x_hd.o(.text)
    I2C1_EV_IRQHandler                       0x08000227   Thumb Code     0  startup_stm32f10x_hd.o(.text)
    I2C2_ER_IRQHandler                       0x08000227   Thumb Code     0  startup_stm32f10x_hd.o(.text)
    I2C2_EV_IRQHandler                       0x08000227   Thumb Code     0  startup_stm32f10x_hd.o(.text)
    PVD_IRQHandler                           0x08000227   Thumb Code     0  startup_stm32f10x_hd.o(.text)
    RCC_IRQHandler                           0x08000227   Thumb Code     0  startup_stm32f10x_hd.o(.text)
    RTCAlarm_IRQHandler                      0x08000227   Thumb Code     0  startup_stm32f10x_hd.o(.text)
    RTC_IRQHandler                           0x08000227   Thumb Code     0  startup_stm32f10x_hd.o(.text)
    SDIO_IRQHandler                          0x08000227   Thumb Code     0  startup_stm32f10x_hd.o(.text)
    SPI1_IRQHandler                          0x08000227   Thumb Code     0  startup_stm32f10x_hd.o(.text)
    SPI2_IRQHandler                          0x08000227   Thumb Code     0  startup_stm32f10x_hd.o(.text)
    SPI3_IRQHandler                          0x08000227   Thumb Code     0  startup_stm32f10x_hd.o(.text)
    TAMPER_IRQHandler                        0x08000227   Thumb Code     0  startup_stm32f10x_hd.o(.text)
    TIM1_BRK_IRQHandler                      0x08000227   Thumb Code     0  startup_stm32f10x_hd.o(.text)
    TIM1_CC_IRQHandler                       0x08000227   Thumb Code     0  startup_stm32f10x_hd.o(.text)
    TIM1_TRG_COM_IRQHandler                  0x08000227   Thumb Code     0  startup_stm32f10x_hd.o(.text)
    TIM1_UP_IRQHandler                       0x08000227   Thumb Code     0  startup_stm32f10x_hd.o(.text)
    TIM3_IRQHandler                          0x08000227   Thumb Code     0  startup_stm32f10x_hd.o(.text)
    TIM4_IRQHandler                          0x08000227   Thumb Code     0  startup_stm32f10x_hd.o(.text)
    TIM5_IRQHandler                          0x08000227   Thumb Code     0  startup_stm32f10x_hd.o(.text)
    TIM6_IRQHandler                          0x08000227   Thumb Code     0  startup_stm32f10x_hd.o(.text)
    TIM7_IRQHandler                          0x08000227   Thumb Code     0  startup_stm32f10x_hd.o(.text)
    TIM8_BRK_IRQHandler                      0x08000227   Thumb Code     0  startup_stm32f10x_hd.o(.text)
    TIM8_CC_IRQHandler                       0x08000227   Thumb Code     0  startup_stm32f10x_hd.o(.text)
    TIM8_TRG_COM_IRQHandler                  0x08000227   Thumb Code     0  startup_stm32f10x_hd.o(.text)
    TIM8_UP_IRQHandler                       0x08000227   Thumb Code     0  startup_stm32f10x_hd.o(.text)
    UART4_IRQHandler                         0x08000227   Thumb Code     0  startup_stm32f10x_hd.o(.text)
    UART5_IRQHandler                         0x08000227   Thumb Code     0  startup_stm32f10x_hd.o(.text)
    USART1_IRQHandler                        0x08000227   Thumb Code     0  startup_stm32f10x_hd.o(.text)
    USART2_IRQHandler                        0x08000227   Thumb Code     0  startup_stm32f10x_hd.o(.text)
    USART3_IRQHandler                        0x08000227   Thumb Code     0  startup_stm32f10x_hd.o(.text)
    USB_HP_CAN1_TX_IRQHandler                0x08000227   Thumb Code     0  startup_stm32f10x_hd.o(.text)
    WWDG_IRQHandler                          0x08000227   Thumb Code     0  startup_stm32f10x_hd.o(.text)
    __user_initial_stackheap                 0x08000229   Thumb Code     0  startup_stm32f10x_hd.o(.text)
    __aeabi_memclr4                          0x0800024d   Thumb Code     0  rt_memclr_w.o(.text)
    __aeabi_memclr8                          0x0800024d   Thumb Code     0  rt_memclr_w.o(.text)
    __rt_memclr_w                            0x0800024d   Thumb Code    78  rt_memclr_w.o(.text)
    _memset_w                                0x08000251   Thumb Code     0  rt_memclr_w.o(.text)
    __use_two_region_memory                  0x0800029b   Thumb Code     2  heapauxi.o(.text)
    __rt_heap_escrow$2region                 0x0800029d   Thumb Code     2  heapauxi.o(.text)
    __rt_heap_expand$2region                 0x0800029f   Thumb Code     2  heapauxi.o(.text)
    __user_setup_stackheap                   0x080002a1   Thumb Code    74  sys_stackheap_outer.o(.text)
    exit                                     0x080002eb   Thumb Code    12  exit.o(.text)
    __user_libspace                          0x080002f9   Thumb Code     8  libspace.o(.text)
    __user_perproc_libspace                  0x080002f9   Thumb Code     0  libspace.o(.text)
    __user_perthread_libspace                0x080002f9   Thumb Code     0  libspace.o(.text)
    _sys_exit                                0x08000301   Thumb Code     8  sys_exit.o(.text)
    __I$use$semihosting                      0x0800030d   Thumb Code     0  use_no_semi.o(.text)
    __use_no_semihosting_swi                 0x0800030d   Thumb Code     2  use_no_semi.o(.text)
    __semihosting_library_function           0x0800030f   Thumb Code     0  indicate_semi.o(.text)
    ADC1_2_IRQHandler                        0x08000311   Thumb Code   350  stm32f10x_it.o(i.ADC1_2_IRQHandler)
    ADC1_Init                                0x08000495   Thumb Code   332  main.o(i.ADC1_Init)
    Bot_Abort                                0x080006ad   Thumb Code    64  usb_bot.o(i.Bot_Abort)
    BusFault_Handler                         0x080006ed   Thumb Code     4  stm32f10x_it.o(i.BusFault_Handler)
    ByteSwap                                 0x080006f1   Thumb Code    12  usb_regs.o(i.ByteSwap)
    CBW_Decode                               0x080006fd   Thumb Code   676  usb_bot.o(i.CBW_Decode)
    CTR_LP                                   0x080009c1   Thumb Code   588  usb_int.o(i.CTR_LP)
    Change_Freq                              0x08000c29   Thumb Code   200  main.o(i.Change_Freq)
    Change_speed_DMA                         0x08000cfd   Thumb Code   122  rs232.o(i.Change_speed_DMA)
    ClearDTOG_RX                             0x08000d85   Thumb Code    38  usb_regs.o(i.ClearDTOG_RX)
    ClearDTOG_TX                             0x08000db1   Thumb Code    38  usb_regs.o(i.ClearDTOG_TX)
    Clear_Status_Out                         0x08000ddd   Thumb Code    26  usb_regs.o(i.Clear_Status_Out)
    DMA1_Channel4_IRQHandler                 0x08000dfd   Thumb Code    20  stm32f10x_it.o(i.DMA1_Channel4_IRQHandler)
    DMA1_Channel5_IRQHandler                 0x08000e19   Thumb Code    38  stm32f10x_it.o(i.DMA1_Channel5_IRQHandler)
    DMA_Cmd                                  0x08000e51   Thumb Code   152  stm32f10x_dma.o(i.DMA_Cmd)
    DMA_Init                                 0x08000f25   Thumb Code   388  stm32f10x_dma.o(i.DMA_Init)
    DebugMon_Handler                         0x080014ed   Thumb Code     2  stm32f10x_it.o(i.DebugMon_Handler)
    Delay                                    0x080014ef   Thumb Code    32  lcd_driver.o(i.Delay)
    EP1_IN_Callback                          0x0800150f   Thumb Code     8  usb_endp.o(i.EP1_IN_Callback)
    EP2_OUT_Callback                         0x08001517   Thumb Code     8  usb_endp.o(i.EP2_OUT_Callback)
    EXTI15_10_IRQHandler                     0x08001521   Thumb Code   126  stm32f10x_it.o(i.EXTI15_10_IRQHandler)
    EXTI1_IRQHandler                         0x080015b5   Thumb Code   108  stm32f10x_it.o(i.EXTI1_IRQHandler)
    EXTI9_5_IRQHandler                       0x0800163d   Thumb Code   106  stm32f10x_it.o(i.EXTI9_5_IRQHandler)
    EXTI_ClearITPendingBit                   0x080016c5   Thumb Code    28  stm32f10x_exti.o(i.EXTI_ClearITPendingBit)
    EXTI_Init                                0x08001719   Thumb Code   236  stm32f10x_exti.o(i.EXTI_Init)
    GPIO_Init                                0x0800183d   Thumb Code   378  stm32f10x_gpio.o(i.GPIO_Init)
    GPIO_ReadInputDataBit                    0x08001a09   Thumb Code   170  stm32f10x_gpio.o(i.GPIO_ReadInputDataBit)
    GPIO_ResetBits                           0x08001b05   Thumb Code    82  stm32f10x_gpio.o(i.GPIO_ResetBits)
    GPIO_SetBits                             0x08001ba9   Thumb Code    82  stm32f10x_gpio.o(i.GPIO_SetBits)
    GetEPRxAddr                              0x08001c4d   Thumb Code    24  usb_regs.o(i.GetEPRxAddr)
    GetEPRxCount                             0x08001c6d   Thumb Code    26  usb_regs.o(i.GetEPRxCount)
    GetEPRxStatus                            0x08001c91   Thumb Code    14  usb_regs.o(i.GetEPRxStatus)
    GetEPTxAddr                              0x08001ca5   Thumb Code    22  usb_regs.o(i.GetEPTxAddr)
    Get_Max_Lun                              0x08001cc5   Thumb Code    20  usb_prop.o(i.Get_Max_Lun)
    Get_SerialNum                            0x08001ce1   Thumb Code    42  hw_config.o(i.Get_SerialNum)
    HardFault_Handler                        0x08001d15   Thumb Code     4  stm32f10x_it.o(i.HardFault_Handler)
    In0_Process                              0x08001d19   Thumb Code    98  usb_core.o(i.In0_Process)
    Init_Periph                              0x08001d89   Thumb Code   466  main.o(i.Init_Periph)
    Init_connect_7KT                         0x08001f81   Thumb Code   300  rs232.o(i.Init_connect_7KT)
    LCD_Clear                                0x08002105   Thumb Code    38  lcd_driver.o(i.LCD_Clear)
    LCD_Init                                 0x08002135   Thumb Code   372  lcd_driver.o(i.LCD_Init)
    LCD_PutChar                              0x080022b1   Thumb Code    40  lcd_driver.o(i.LCD_PutChar)
    LCD_PutCharAT                            0x080022e1   Thumb Code    48  lcd_driver.o(i.LCD_PutCharAT)
    LCD_PutTextAT                            0x08002319   Thumb Code    64  lcd_driver.o(i.LCD_PutTextAT)
    LCD_PutValueAT                           0x08002361   Thumb Code    66  lcd_driver.o(i.LCD_PutValueAT)
    MAL_GetStatus                            0x080023ad   Thumb Code    46  mass_mal.o(i.MAL_GetStatus)
    MASS_Data_Setup                          0x080023f1   Thumb Code    86  usb_prop.o(i.MASS_Data_Setup)
    MASS_GetConfigDescriptor                 0x08002451   Thumb Code    14  usb_prop.o(i.MASS_GetConfigDescriptor)
    MASS_GetDeviceDescriptor                 0x08002465   Thumb Code    14  usb_prop.o(i.MASS_GetDeviceDescriptor)
    MASS_GetStringDescriptor                 0x08002479   Thumb Code    32  usb_prop.o(i.MASS_GetStringDescriptor)
    MASS_Get_Interface_Setting               0x080024a1   Thumb Code    22  usb_prop.o(i.MASS_Get_Interface_Setting)
    MASS_NoData_Setup                        0x080024b9   Thumb Code    76  usb_prop.o(i.MASS_NoData_Setup)
    MASS_Reset                               0x08002515   Thumb Code   208  usb_prop.o(i.MASS_Reset)
    MASS_Status_In                           0x08002605   Thumb Code     2  usb_prop.o(i.MASS_Status_In)
    MASS_Status_Out                          0x08002607   Thumb Code     2  usb_prop.o(i.MASS_Status_Out)
    MASS_init                                0x08002609   Thumb Code    26  usb_prop.o(i.MASS_init)
    Mass_Storage_ClearFeature                0x0800262d   Thumb Code    20  usb_prop.o(i.Mass_Storage_ClearFeature)
    Mass_Storage_In                          0x08002649   Thumb Code   122  usb_bot.o(i.Mass_Storage_In)
    Mass_Storage_Out                         0x080026d5   Thumb Code   118  usb_bot.o(i.Mass_Storage_Out)
    Mass_Storage_SetConfiguration            0x08002765   Thumb Code    52  usb_prop.o(i.Mass_Storage_SetConfiguration)
    Mass_Storage_SetDeviceAddress            0x080027b1   Thumb Code     8  usb_prop.o(i.Mass_Storage_SetDeviceAddress)
    MemManage_Handler                        0x080027bd   Thumb Code     4  stm32f10x_it.o(i.MemManage_Handler)
    NMI_Handler                              0x080027c1   Thumb Code     2  stm32f10x_it.o(i.NMI_Handler)
    NOP_Process                              0x080027c3   Thumb Code     2  usb_core.o(i.NOP_Process)
    Out0_Process                             0x08002991   Thumb Code    70  usb_core.o(i.Out0_Process)
    PMAToUserBufferCopy                      0x080029e1   Thumb Code    34  usb_mem.o(i.PMAToUserBufferCopy)
    PendSV_Handler                           0x08002a09   Thumb Code     2  stm32f10x_it.o(i.PendSV_Handler)
    Post0_Process                            0x08002a0d   Thumb Code    54  usb_core.o(i.Post0_Process)
    PowerOn                                  0x08002a55   Thumb Code    46  usb_pwr.o(i.PowerOn)
    RCC_ADCCLKConfig                         0x08002a8d   Thumb Code    52  stm32f10x_rcc.o(i.RCC_ADCCLKConfig)
    RCC_AHBPeriphClockCmd                    0x08002af9   Thumb Code    74  stm32f10x_rcc.o(i.RCC_AHBPeriphClockCmd)
    RCC_APB1PeriphClockCmd                   0x08002b7d   Thumb Code    70  stm32f10x_rcc.o(i.RCC_APB1PeriphClockCmd)
    RCC_APB1PeriphResetCmd                   0x08002c01   Thumb Code    70  stm32f10x_rcc.o(i.RCC_APB1PeriphResetCmd)
    RCC_APB2PeriphClockCmd                   0x08002c85   Thumb Code    70  stm32f10x_rcc.o(i.RCC_APB2PeriphClockCmd)
    RCC_APB2PeriphResetCmd                   0x08002d09   Thumb Code    70  stm32f10x_rcc.o(i.RCC_APB2PeriphResetCmd)
    RCC_USBCLKConfig                         0x08002d8d   Thumb Code    28  stm32f10x_rcc.o(i.RCC_USBCLKConfig)
    ReadEEPROM_CmdDMA                        0x08002de1   Thumb Code   120  rs232.o(i.ReadEEPROM_CmdDMA)
    ReadRAM_CmdDMA                           0x08002e65   Thumb Code   116  rs232.o(i.ReadRAM_CmdDMA)
    Read_Memory                              0x08002ee5   Thumb Code   304  memory.o(i.Read_Memory)
    SCSI_Address_Management                  0x0800303d   Thumb Code   126  usb_scsi.o(i.SCSI_Address_Management)
    SCSI_Format_Cmd                          0x080030c9   Thumb Code    44  usb_scsi.o(i.SCSI_Format_Cmd)
    SCSI_Inquiry_Cmd                         0x080030f9   Thumb Code    54  usb_scsi.o(i.SCSI_Inquiry_Cmd)
    SCSI_Invalid_Cmd                         0x08003141   Thumb Code    64  usb_scsi.o(i.SCSI_Invalid_Cmd)
    SCSI_ModeSense10_Cmd                     0x08003185   Thumb Code    14  usb_scsi.o(i.SCSI_ModeSense10_Cmd)
    SCSI_ModeSense6_Cmd                      0x08003199   Thumb Code    14  usb_scsi.o(i.SCSI_ModeSense6_Cmd)
    SCSI_Read10_Cmd                          0x080031ad   Thumb Code   110  usb_scsi.o(i.SCSI_Read10_Cmd)
    SCSI_ReadCapacity10_Cmd                  0x08003225   Thumb Code   138  usb_scsi.o(i.SCSI_ReadCapacity10_Cmd)
    SCSI_ReadFormatCapacity_Cmd              0x080032c1   Thumb Code   120  usb_scsi.o(i.SCSI_ReadFormatCapacity_Cmd)
    SCSI_RequestSense_Cmd                    0x08003349   Thumb Code    30  usb_scsi.o(i.SCSI_RequestSense_Cmd)
    SCSI_Start_Stop_Unit_Cmd                 0x08003371   Thumb Code    14  usb_scsi.o(i.SCSI_Start_Stop_Unit_Cmd)
    SCSI_TestUnitReady_Cmd                   0x08003381   Thumb Code    52  usb_scsi.o(i.SCSI_TestUnitReady_Cmd)
    SCSI_Verify10_Cmd                        0x080033b9   Thumb Code    58  usb_scsi.o(i.SCSI_Verify10_Cmd)
    SCSI_Write10_Cmd                         0x080033f9   Thumb Code   110  usb_scsi.o(i.SCSI_Write10_Cmd)
    SD_Card_Selftest                         0x08003471   Thumb Code    98  main.o(i.SD_Card_Selftest)
    SPI_CalculateCRC                         0x080034e9   Thumb Code    78  stm32f10x_spi.o(i.SPI_CalculateCRC)
    SPI_Cmd                                  0x08003579   Thumb Code    78  stm32f10x_spi.o(i.SPI_Cmd)
    SPI_I2S_DeInit                           0x08003609   Thumb Code   104  stm32f10x_spi.o(i.SPI_I2S_DeInit)
    SPI_Init                                 0x080036b1   Thumb Code   328  stm32f10x_spi.o(i.SPI_Init)
    SPI_SD_GETCSD                            0x08003839   Thumb Code   254  spi_sdcard.o(i.SPI_SD_GETCSD)
    SPI_SD_ReadBlock                         0x0800393d   Thumb Code    44  spi_sdcard.o(i.SPI_SD_ReadBlock)
    SPI_SD_ReadMultiBlock                    0x0800396d   Thumb Code    82  spi_sdcard.o(i.SPI_SD_ReadMultiBlock)
    SPI_SD_WriteBlock                        0x080039c5   Thumb Code    46  spi_sdcard.o(i.SPI_SD_WriteBlock)
    SPI_SD_WriteMultiBlock                   0x080039f9   Thumb Code    96  spi_sdcard.o(i.SPI_SD_WriteMultiBlock)
    SVC_Handler                              0x08003a61   Thumb Code     2  stm32f10x_it.o(i.SVC_Handler)
    SendActiv_level                          0x08003a65   Thumb Code    82  rs232.o(i.SendActiv_level)
    SetBTABLE                                0x08003ac1   Thumb Code    12  usb_regs.o(i.SetBTABLE)
    SetDeviceAddress                         0x08003ad1   Thumb Code    62  usb_core.o(i.SetDeviceAddress)
    SetEPRxAddr                              0x08003b19   Thumb Code    26  usb_regs.o(i.SetEPRxAddr)
    SetEPRxCount                             0x08003b3d   Thumb Code    68  usb_regs.o(i.SetEPRxCount)
    SetEPRxStatus                            0x08003b89   Thumb Code    52  usb_regs.o(i.SetEPRxStatus)
    SetEPRxValid                             0x08003bc1   Thumb Code    38  usb_regs.o(i.SetEPRxValid)
    SetEPTxAddr                              0x08003bed   Thumb Code    24  usb_regs.o(i.SetEPTxAddr)
    SetEPTxCount                             0x08003c0d   Thumb Code    20  usb_regs.o(i.SetEPTxCount)
    SetEPTxStatus                            0x08003c29   Thumb Code    52  usb_regs.o(i.SetEPTxStatus)
    SetEPType                                0x08003c61   Thumb Code    22  usb_regs.o(i.SetEPType)
    Set_CSW                                  0x08003d61   Thumb Code    46  usb_bot.o(i.Set_CSW)
    Set_DDRAM_Address                        0x08003d9d   Thumb Code    44  lcd_driver.o(i.Set_DDRAM_Address)
    Set_Scsi_Sense_Data                      0x08003dd1   Thumb Code     8  usb_scsi.o(i.Set_Scsi_Sense_Data)
    Setup0_Process                           0x08003ddd   Thumb Code   170  usb_core.o(i.Setup0_Process)
    Standard_ClearFeature                    0x08003e95   Thumb Code   308  usb_core.o(i.Standard_ClearFeature)
    Standard_GetConfiguration                0x08003fdd   Thumb Code    34  usb_core.o(i.Standard_GetConfiguration)
    Standard_GetDescriptorData               0x08004009   Thumb Code    32  usb_core.o(i.Standard_GetDescriptorData)
    Standard_GetInterface                    0x0800402d   Thumb Code    34  usb_core.o(i.Standard_GetInterface)
    Standard_GetStatus                       0x08004059   Thumb Code   230  usb_core.o(i.Standard_GetStatus)
    Standard_SetConfiguration                0x08004151   Thumb Code    60  usb_core.o(i.Standard_SetConfiguration)
    Standard_SetDeviceFeature                0x08004199   Thumb Code    30  usb_core.o(i.Standard_SetDeviceFeature)
    Standard_SetEndPointFeature              0x080041c1   Thumb Code   168  usb_core.o(i.Standard_SetEndPointFeature)
    Standard_SetInterface                    0x08004279   Thumb Code    96  usb_core.o(i.Standard_SetInterface)
    SystemInit                               0x080042e5   Thumb Code    78  system_stm32f10x.o(i.SystemInit)
    TIM2_IRQHandler                          0x08004345   Thumb Code   186  stm32f10x_it.o(i.TIM2_IRQHandler)
    Transfer_Data_Request                    0x08004425   Thumb Code    46  usb_bot.o(i.Transfer_Data_Request)
    USART1_Init                              0x0800445d   Thumb Code   102  main.o(i.USART1_Init)
    USBWakeUp_IRQHandler                     0x080044d1   Thumb Code    12  stm32f10x_it.o(i.USBWakeUp_IRQHandler)
    USB_Cable_Config                         0x080044dd   Thumb Code    74  hw_config.o(i.USB_Cable_Config)
    USB_Init                                 0x0800452d   Thumb Code    36  usb_init.o(i.USB_Init)
    USB_Interrupts_Config                    0x08004569   Thumb Code    32  hw_config.o(i.USB_Interrupts_Config)
    USB_Istr                                 0x08004589   Thumb Code    62  usb_istr.o(i.USB_Istr)
    USB_LP_CAN1_RX0_IRQHandler               0x080045d9   Thumb Code     8  stm32f10x_it.o(i.USB_LP_CAN1_RX0_IRQHandler)
    USB_NotConfigured_LED                    0x080045e1   Thumb Code     2  hw_config.o(i.USB_NotConfigured_LED)
    USB_SIL_Read                             0x080045e3   Thumb Code    46  usb_sil.o(i.USB_SIL_Read)
    USB_SIL_Write                            0x08004611   Thumb Code    46  usb_sil.o(i.USB_SIL_Write)
    UsageFault_Handler                       0x0800463f   Thumb Code     4  stm32f10x_it.o(i.UsageFault_Handler)
    UserToPMABufferCopy                      0x08004645   Thumb Code    52  usb_mem.o(i.UserToPMABufferCopy)
    Write_Memory                             0x0800467d   Thumb Code   316  memory.o(i.Write_Memory)
    assert_failed                            0x080047e9   Thumb Code     4  main.o(i.assert_failed)
    check_crc                                0x080047ed   Thumb Code    68  rs232.o(i.check_crc)
    check_global_crc                         0x080048c9   Thumb Code    54  rs232.o(i.check_global_crc)
    clust2sect                               0x08004cb5   Thumb Code    26  ff.o(i.clust2sect)
    disk_initialize                          0x08005599   Thumb Code    52  diskio.o(i.disk_initialize)
    disk_ioctl                               0x080055d1   Thumb Code    76  diskio.o(i.disk_ioctl)
    disk_read                                0x08005625   Thumb Code    74  diskio.o(i.disk_read)
    disk_status                              0x08005679   Thumb Code    14  diskio.o(i.disk_status)
    disk_write                               0x0800568d   Thumb Code    88  diskio.o(i.disk_write)
    f_close                                  0x080057e5   Thumb Code    22  ff.o(i.f_close)
    f_getlabel                               0x080057fb   Thumb Code   190  ff.o(i.f_getlabel)
    f_lseek                                  0x080058b9   Thumb Code   430  ff.o(i.f_lseek)
    f_mkdir                                  0x08005a69   Thumb Code   354  ff.o(i.f_mkdir)
    f_mkfs                                   0x08005bd1   Thumb Code  1582  ff.o(i.f_mkfs)
    f_mount                                  0x08006205   Thumb Code    38  ff.o(i.f_mount)
    f_open                                   0x08006231   Thumb Code   350  ff.o(i.f_open)
    f_opendir                                0x08006395   Thumb Code   116  ff.o(i.f_opendir)
    f_setlabel                               0x0800640d   Thumb Code   386  ff.o(i.f_setlabel)
    f_sync                                   0x080065a1   Thumb Code   174  ff.o(i.f_sync)
    f_unlink                                 0x08006651   Thumb Code   174  ff.o(i.f_unlink)
    f_write                                  0x08006705   Thumb Code   522  ff.o(i.f_write)
    ff_convert                               0x08006911   Thumb Code    70  ccsbcs.o(i.ff_convert)
    ff_wtoupper                              0x0800695d   Thumb Code    46  ccsbcs.o(i.ff_wtoupper)
    gen_numname                              0x08006aa7   Thumb Code   168  ff.o(i.gen_numname)
    get_fat                                  0x08006b4f   Thumb Code   228  ff.o(i.get_fat)
    get_fattime                              0x08006c35   Thumb Code    54  diskio.o(i.get_fattime)
    hex2dec_byte                             0x08006c71   Thumb Code    38  rs232.o(i.hex2dec_byte)
    hex2dec_word                             0x08006c97   Thumb Code   114  rs232.o(i.hex2dec_word)
    main                                     0x08006d4d   Thumb Code  2534  main.o(i.main)
    put_fat                                  0x0800797d   Thumb Code   316  ff.o(i.put_fat)
    sd_card_init                             0x08007b8d   Thumb Code   306  spi_sdcard.o(i.sd_card_init)
    sdcard_reinitial                         0x08007cd1   Thumb Code    78  spi_sdcard.o(i.sdcard_reinitial)
    send_cmd                                 0x08007d29   Thumb Code   160  spi_sdcard.o(i.send_cmd)
    MASS_DeviceDescriptor                    0x08008588   Data          18  usb_desc.o(.constdata)
    MASS_ConfigDescriptor                    0x0800859a   Data          32  usb_desc.o(.constdata)
    MASS_StringLangID                        0x080085ba   Data           4  usb_desc.o(.constdata)
    MASS_StringVendor                        0x080085be   Data          38  usb_desc.o(.constdata)
    MASS_StringProduct                       0x080085e4   Data          38  usb_desc.o(.constdata)
    MASS_StringInterface                     0x0800860a   Data          16  usb_desc.o(.constdata)
    text_adapter                             0x0800861a   Data           8  lcd_driver.o(.constdata)
    text_7kts_USB                            0x08008622   Data           9  lcd_driver.o(.constdata)
    text_SDCard                              0x0800862b   Data           9  lcd_driver.o(.constdata)
    text_Insert                              0x08008634   Data          10  lcd_driver.o(.constdata)
    text_Vsego_MB                            0x0800863e   Data           6  lcd_driver.o(.constdata)
    text_Svobodno_MB                         0x08008644   Data           9  lcd_driver.o(.constdata)
    text_SDCard_Error                        0x0800864d   Data          17  lcd_driver.o(.constdata)
    text_NoSDCard                            0x0800865e   Data          14  lcd_driver.o(.constdata)
    text_Port                                0x0800866c   Data           5  lcd_driver.o(.constdata)
    text_CHARGE_mode                         0x08008671   Data           6  lcd_driver.o(.constdata)
    text_Read_7KT                            0x08008677   Data           7  lcd_driver.o(.constdata)
    text_Connect                             0x0800867e   Data           9  lcd_driver.o(.constdata)
    text_Error                               0x08008687   Data           7  lcd_driver.o(.constdata)
    text_Connecting                          0x0800868e   Data           7  lcd_driver.o(.constdata)
    text_DIR                                 0x08008695   Data           9  lcd_driver.o(.constdata)
    text_File                                0x0800869e   Data           6  lcd_driver.o(.constdata)
    text_Reading__                           0x080086a4   Data           9  lcd_driver.o(.constdata)
    text_Readed_OK                           0x080086ad   Data           8  lcd_driver.o(.constdata)
    text_VAKB                                0x080086b5   Data           8  lcd_driver.o(.constdata)
    text_Low                                 0x080086bd   Data           7  lcd_driver.o(.constdata)
    Region$$Table$$Base                      0x080086c4   Number         0  anon$$obj.o(Region$$Table)
    Region$$Table$$Limit                     0x080086e4   Number         0  anon$$obj.o(Region$$Table)
    lastread_status                          0x2000951a   Data           1  main.o(.data)
    filename                                 0x2000951b   Data          35  main.o(.data)
    fresult                                  0x2000953e   Data           1  main.o(.data)
    SD_SECTOR_SIZE                           0x20009540   Data           2  main.o(.data)
    Sleep                                    0x20009542   Data           1  main.o(.data)
    Wkup_Ext                                 0x20009543   Data           1  main.o(.data)
    refresh                                  0x20009544   Data           1  main.o(.data)
    _7kts_State                              0x20009545   Data           1  main.o(.data)
    menu_punkt                               0x20009546   Data           1  main.o(.data)
    battview_mode                            0x20009547   Data           1  main.o(.data)
    global_crc                               0x20009548   Data           2  main.o(.data)
    result                                   0x2000954a   Data           1  main.o(.data)
    timeout_delay                            0x2000954b   Data           1  main.o(.data)
    count_AddrEEPROM                         0x2000954c   Data           2  main.o(.data)
    cmd7kt_struct                            0x2000954e   Data           8  main.o(.data)
    ADC1Buff                                 0x20009556   Data           8  main.o(.data)
    VBAT                                     0x2000955e   Data           5  main.o(.data)
    batt_indic                               0x2000957e   Data           1  stm32f10x_it.o(.data)
    time_backlight                           0x2000957f   Data           1  stm32f10x_it.o(.data)
    GPIO_InitStruct                          0x20009580   Data           4  stm32f10x_it.o(.data)
    count_DMAtransfer                        0x20009584   Data           1  stm32f10x_it.o(.data)
    Stat                                     0x20009585   Data           1  spi_sdcard.o(.data)
    CardType                                 0x20009586   Data           1  spi_sdcard.o(.data)
    crc                                      0x200095a2   Data           2  rs232.o(.data)
    tx7kt_transaction                        0x200095a4   Data           1  rs232.o(.data)
    rx7kt_transaction                        0x200095a5   Data           1  rs232.o(.data)
    Data_Mul_MaxPacketSize                   0x200095ae   Data           1  usb_core.o(.data)
    StatusInfo                               0x200095b0   Data           2  usb_core.o(.data)
    EPindex                                  0x200095b4   Data           1  usb_init.o(.data)
    pInformation                             0x200095b8   Data           4  usb_init.o(.data)
    pProperty                                0x200095bc   Data           4  usb_init.o(.data)
    SaveState                                0x200095c0   Data           2  usb_init.o(.data)
    wInterrupt_Mask                          0x200095c2   Data           2  usb_init.o(.data)
    pUser_Standard_Requests                  0x200095c4   Data           4  usb_init.o(.data)
    SaveRState                               0x200095c8   Data           2  usb_int.o(.data)
    SaveTState                               0x200095ca   Data           2  usb_int.o(.data)
    Status                                   0x200095cc   Data           4  mass_mal.o(.data)
    Mass_Memory_Size                         0x200095d0   Data           8  mass_mal.o(.data)
    Mass_Block_Size                          0x200095d8   Data           8  mass_mal.o(.data)
    Mass_Block_Count                         0x200095e0   Data           8  mass_mal.o(.data)
    Block_Read_count                         0x200095e8   Data           4  memory.o(.data)
    Counter                                  0x200095ec   Data           4  memory.o(.data)
    TransferState                            0x200095f0   Data           1  memory.o(.data)
    Block_offset                             0x2000960c   Data           4  memory.o(.data)
    Idx                                      0x20009610   Data           4  memory.o(.data)
    Page00_Inquiry_Data                      0x20009614   Data           5  scsi_data.o(.data)
    Standard_Inquiry_Data                    0x20009619   Data          36  scsi_data.o(.data)
    Standard_Inquiry_Data2                   0x2000963d   Data          36  scsi_data.o(.data)
    Mode_Sense6_data                         0x20009661   Data           4  scsi_data.o(.data)
    Mode_Sense10_data                        0x20009665   Data           8  scsi_data.o(.data)
    Scsi_Sense_Data                          0x2000966d   Data          18  scsi_data.o(.data)
    ReadCapacity10_Data                      0x2000967f   Data           8  scsi_data.o(.data)
    ReadFormatCapacity_Data                  0x20009687   Data          12  scsi_data.o(.data)
    Bot_State                                0x20009694   Data           1  usb_bot.o(.data)
    Data_Len                                 0x20009696   Data           2  usb_bot.o(.data)
    SCSI_LBA                                 0x20009698   Data           4  usb_bot.o(.data)
    SCSI_BlkLen                              0x2000969c   Data           4  usb_bot.o(.data)
    MASS_StringSerial                        0x200096a0   Data          26  usb_desc.o(.data)
    bIntPackSOF                              0x200096d6   Data           1  usb_istr.o(.data)
    pEpInt_IN                                0x200096d8   Data          28  usb_istr.o(.data)
    pEpInt_OUT                               0x200096f4   Data          28  usb_istr.o(.data)
    wIstr                                    0x20009710   Data           2  usb_istr.o(.data)
    Max_Lun                                  0x20009714   Data           4  usb_prop.o(.data)
    Device_Table                             0x20009718   Data           2  usb_prop.o(.data)
    Device_Property                          0x2000971c   Data          48  usb_prop.o(.data)
    User_Standard_Requests                   0x2000974c   Data          36  usb_prop.o(.data)
    Device_Descriptor                        0x20009770   Data           8  usb_prop.o(.data)
    Config_Descriptor                        0x20009778   Data           8  usb_prop.o(.data)
    String_Descriptor                        0x20009780   Data          40  usb_prop.o(.data)
    bDeviceState                             0x200097a8   Data           4  usb_pwr.o(.data)
    fSuspendEnabled                          0x200097ac   Data           1  usb_pwr.o(.data)
    remotewakeupon                           0x200097b0   Data           4  usb_pwr.o(.data)
    ResumeS                                  0x200097b4   Data           2  usb_pwr.o(.data)
    dev7kt                                   0x200097b8   Data          12  main.o(.bss)
    current_buff                             0x200097c4   Data        8194  main.o(.bss)
    fs                                       0x2000b7c8   Data         564  main.o(.bss)
    fil                                      0x2000b9fc   Data         548  main.o(.bss)
    dir                                      0x2000bc20   Data          36  main.o(.bss)
    finfo                                    0x2000bc44   Data          32  main.o(.bss)
    csd                                      0x2000bc64   Data          20  spi_sdcard.o(.bss)
    Device_Info                              0x2000bcb8   Data          28  usb_init.o(.bss)
    Data_Buffer                              0x2000bcd4   Data        4096  memory.o(.bss)
    Bulk_Data_Buff                           0x2000ccd4   Data          64  usb_bot.o(.bss)
    CBW                                      0x2000cd14   Data          32  usb_bot.o(.bss)
    CSW                                      0x2000cd34   Data          16  usb_bot.o(.bss)
    __libspace_start                         0x2000cd44   Data          96  libspace.o(.bss)
    __temporary_stack_top$libspace           0x2000cda4   Data           0  libspace.o(.bss)



==============================================================================

Memory Map of the image

  Image Entry point : 0x08000131

  Load Region LR_IROM1 (Base: 0x08000000, Size: 0x0000899c, Max: 0x00009500, ABSOLUTE, COMPRESSED[0x000087d8])

    Execution Region ER_IROM1 (Base: 0x08000000, Size: 0x000086e4, Max: 0x00009500, ABSOLUTE)

    Base Addr    Size         Type   Attr      Idx    E Section Name        Object

    0x08000000   0x00000130   Data   RO           97    RESET               startup_stm32f10x_hd.o
    0x08000130   0x00000008   Code   RO         4184  * !!!main             c_w.l(__main.o)
    0x08000138   0x00000034   Code   RO         4340    !!!scatter          c_w.l(__scatter.o)
    0x0800016c   0x0000005a   Code   RO         4338    !!dczerorl2         c_w.l(__dczerorl2.o)
    0x080001c6   0x00000002   PAD
    0x080001c8   0x0000001c   Code   RO         4342    !!handler_zi        c_w.l(__scatter_zi.o)
    0x080001e4   0x00000002   Code   RO         4211    .ARM.Collect$$libinit$$00000000  c_w.l(libinit.o)
    0x080001e6   0x00000000   Code   RO         4218    .ARM.Collect$$libinit$$00000002  c_w.l(libinit2.o)
    0x080001e6   0x00000000   Code   RO         4221    .ARM.Collect$$libinit$$00000008  c_w.l(libinit2.o)
    0x080001e6   0x00000000   Code   RO         4223    .ARM.Collect$$libinit$$0000000A  c_w.l(libinit2.o)
    0x080001e6   0x00000000   Code   RO         4225    .ARM.Collect$$libinit$$0000000C  c_w.l(libinit2.o)
    0x080001e6   0x00000000   Code   RO         4228    .ARM.Collect$$libinit$$0000000F  c_w.l(libinit2.o)
    0x080001e6   0x00000000   Code   RO         4230    .ARM.Collect$$libinit$$00000011  c_w.l(libinit2.o)
    0x080001e6   0x00000000   Code   RO         4232    .ARM.Collect$$libinit$$00000013  c_w.l(libinit2.o)
    0x080001e6   0x00000000   Code   RO         4234    .ARM.Collect$$libinit$$00000015  c_w.l(libinit2.o)
    0x080001e6   0x00000000   Code   RO         4236    .ARM.Collect$$libinit$$00000017  c_w.l(libinit2.o)
    0x080001e6   0x00000000   Code   RO         4238    .ARM.Collect$$libinit$$00000019  c_w.l(libinit2.o)
    0x080001e6   0x00000000   Code   RO         4240    .ARM.Collect$$libinit$$0000001B  c_w.l(libinit2.o)
    0x080001e6   0x00000000   Code   RO         4242    .ARM.Collect$$libinit$$0000001D  c_w.l(libinit2.o)
    0x080001e6   0x00000000   Code   RO         4244    .ARM.Collect$$libinit$$0000001F  c_w.l(libinit2.o)
    0x080001e6   0x00000000   Code   RO         4246    .ARM.Collect$$libinit$$00000021  c_w.l(libinit2.o)
    0x080001e6   0x00000000   Code   RO         4248    .ARM.Collect$$libinit$$00000023  c_w.l(libinit2.o)
    0x080001e6   0x00000000   Code   RO         4252    .ARM.Collect$$libinit$$0000002A  c_w.l(libinit2.o)
    0x080001e6   0x00000000   Code   RO         4254    .ARM.Collect$$libinit$$0000002C  c_w.l(libinit2.o)
    0x080001e6   0x00000000   Code   RO         4256    .ARM.Collect$$libinit$$0000002E  c_w.l(libinit2.o)
    0x080001e6   0x00000000   Code   RO         4258    .ARM.Collect$$libinit$$00000030  c_w.l(libinit2.o)
    0x080001e6   0x00000002   Code   RO         4259    .ARM.Collect$$libinit$$00000031  c_w.l(libinit2.o)
    0x080001e8   0x00000002   Code   RO         4279    .ARM.Collect$$libshutdown$$00000000  c_w.l(libshutdown.o)
    0x080001ea   0x00000000   Code   RO         4293    .ARM.Collect$$libshutdown$$00000003  c_w.l(libshutdown2.o)
    0x080001ea   0x00000000   Code   RO         4296    .ARM.Collect$$libshutdown$$00000006  c_w.l(libshutdown2.o)
    0x080001ea   0x00000000   Code   RO         4299    .ARM.Collect$$libshutdown$$00000009  c_w.l(libshutdown2.o)
    0x080001ea   0x00000000   Code   RO         4301    .ARM.Collect$$libshutdown$$0000000B  c_w.l(libshutdown2.o)
    0x080001ea   0x00000000   Code   RO         4304    .ARM.Collect$$libshutdown$$0000000E  c_w.l(libshutdown2.o)
    0x080001ea   0x00000002   Code   RO         4305    .ARM.Collect$$libshutdown$$0000000F  c_w.l(libshutdown2.o)
    0x080001ec   0x00000000   Code   RO         4186    .ARM.Collect$$rtentry$$00000000  c_w.l(rtentry.o)
    0x080001ec   0x00000000   Code   RO         4188    .ARM.Collect$$rtentry$$00000002  c_w.l(rtentry2.o)
    0x080001ec   0x00000006   Code   RO         4200    .ARM.Collect$$rtentry$$00000004  c_w.l(rtentry4.o)
    0x080001f2   0x00000000   Code   RO         4190    .ARM.Collect$$rtentry$$00000009  c_w.l(rtentry2.o)
    0x080001f2   0x00000004   Code   RO         4191    .ARM.Collect$$rtentry$$0000000A  c_w.l(rtentry2.o)
    0x080001f6   0x00000000   Code   RO         4193    .ARM.Collect$$rtentry$$0000000C  c_w.l(rtentry2.o)
    0x080001f6   0x00000008   Code   RO         4194    .ARM.Collect$$rtentry$$0000000D  c_w.l(rtentry2.o)
    0x080001fe   0x00000002   Code   RO         4215    .ARM.Collect$$rtexit$$00000000  c_w.l(rtexit.o)
    0x08000200   0x00000000   Code   RO         4261    .ARM.Collect$$rtexit$$00000002  c_w.l(rtexit2.o)
    0x08000200   0x00000004   Code   RO         4262    .ARM.Collect$$rtexit$$00000003  c_w.l(rtexit2.o)
    0x08000204   0x00000006   Code   RO         4263    .ARM.Collect$$rtexit$$00000004  c_w.l(rtexit2.o)
    0x0800020a   0x00000002   PAD
    0x0800020c   0x00000040   Code   RO           98    .text               startup_stm32f10x_hd.o
    0x0800024c   0x0000004e   Code   RO         4180    .text               c_w.l(rt_memclr_w.o)
    0x0800029a   0x00000006   Code   RO         4182    .text               c_w.l(heapauxi.o)
    0x080002a0   0x0000004a   Code   RO         4202    .text               c_w.l(sys_stackheap_outer.o)
    0x080002ea   0x0000000c   Code   RO         4204    .text               c_w.l(exit.o)
    0x080002f6   0x00000002   PAD
    0x080002f8   0x00000008   Code   RO         4212    .text               c_w.l(libspace.o)
    0x08000300   0x0000000c   Code   RO         4271    .text               c_w.l(sys_exit.o)
    0x0800030c   0x00000002   Code   RO         4282    .text               c_w.l(use_no_semi.o)
    0x0800030e   0x00000000   Code   RO         4284    .text               c_w.l(indicate_semi.o)
    0x0800030e   0x00000002   PAD
    0x08000310   0x00000184   Code   RO          264    i.ADC1_2_IRQHandler  stm32f10x_it.o
    0x08000494   0x00000168   Code   RO          104    i.ADC1_Init         main.o
    0x080005fc   0x00000058   Code   RO         2322    i.AddCRC            rs232.o
    0x08000654   0x00000058   Code   RO         2323    i.Add_GlobalCRC     rs232.o
    0x080006ac   0x00000040   Code   RO         3671    i.Bot_Abort         usb_bot.o
    0x080006ec   0x00000004   Code   RO          265    i.BusFault_Handler  stm32f10x_it.o
    0x080006f0   0x0000000c   Code   RO         3026    i.ByteSwap          usb_regs.o
    0x080006fc   0x000002c4   Code   RO         3672    i.CBW_Decode        usb_bot.o
    0x080009c0   0x00000268   Code   RO         2963    i.CTR_LP            usb_int.o
    0x08000c28   0x000000d4   Code   RO          105    i.Change_Freq       main.o
    0x08000cfc   0x00000088   Code   RO         2324    i.Change_speed_DMA  rs232.o
    0x08000d84   0x0000002c   Code   RO         3027    i.ClearDTOG_RX      usb_regs.o
    0x08000db0   0x0000002c   Code   RO         3028    i.ClearDTOG_TX      usb_regs.o
    0x08000ddc   0x00000020   Code   RO         3033    i.Clear_Status_Out  usb_regs.o
    0x08000dfc   0x0000001c   Code   RO          266    i.DMA1_Channel4_IRQHandler  stm32f10x_it.o
    0x08000e18   0x00000038   Code   RO          267    i.DMA1_Channel5_IRQHandler  stm32f10x_it.o
    0x08000e50   0x000000d4   Code   RO          523    i.DMA_Cmd           stm32f10x_dma.o
    0x08000f24   0x000001c0   Code   RO          529    i.DMA_Init          stm32f10x_dma.o
    0x080010e4   0x000000c0   Code   RO         2804    i.DataStageIn       usb_core.o
    0x080011a4   0x000000bc   Code   RO         2805    i.DataStageOut      usb_core.o
    0x08001260   0x0000028c   Code   RO         2806    i.Data_Setup0       usb_core.o
    0x080014ec   0x00000002   Code   RO          268    i.DebugMon_Handler  stm32f10x_it.o
    0x080014ee   0x00000020   Code   RO         4076    i.Delay             lcd_driver.o
    0x0800150e   0x00000008   Code   RO         3747    i.EP1_IN_Callback   usb_endp.o
    0x08001516   0x00000008   Code   RO         3748    i.EP2_OUT_Callback  usb_endp.o
    0x0800151e   0x00000002   PAD
    0x08001520   0x00000094   Code   RO          269    i.EXTI15_10_IRQHandler  stm32f10x_it.o
    0x080015b4   0x00000088   Code   RO          270    i.EXTI1_IRQHandler  stm32f10x_it.o
    0x0800163c   0x00000088   Code   RO          271    i.EXTI9_5_IRQHandler  stm32f10x_it.o
    0x080016c4   0x00000054   Code   RO         1194    i.EXTI_ClearITPendingBit  stm32f10x_exti.o
    0x08001718   0x00000124   Code   RO         1199    i.EXTI_Init         stm32f10x_exti.o
    0x0800183c   0x000001cc   Code   RO          607    i.GPIO_Init         stm32f10x_gpio.o
    0x08001a08   0x000000fc   Code   RO          611    i.GPIO_ReadInputDataBit  stm32f10x_gpio.o
    0x08001b04   0x000000a4   Code   RO          614    i.GPIO_ResetBits    stm32f10x_gpio.o
    0x08001ba8   0x000000a4   Code   RO          615    i.GPIO_SetBits      stm32f10x_gpio.o
    0x08001c4c   0x00000020   Code   RO         3045    i.GetEPRxAddr       usb_regs.o
    0x08001c6c   0x00000024   Code   RO         3046    i.GetEPRxCount      usb_regs.o
    0x08001c90   0x00000014   Code   RO         3047    i.GetEPRxStatus     usb_regs.o
    0x08001ca4   0x00000020   Code   RO         3048    i.GetEPTxAddr       usb_regs.o
    0x08001cc4   0x0000001c   Code   RO         3799    i.Get_Max_Lun       usb_prop.o
    0x08001ce0   0x00000034   Code   RO         3427    i.Get_SerialNum     hw_config.o
    0x08001d14   0x00000004   Code   RO          272    i.HardFault_Handler  stm32f10x_it.o
    0x08001d18   0x00000070   Code   RO         2807    i.In0_Process       usb_core.o
    0x08001d88   0x000001f8   Code   RO          106    i.Init_Periph       main.o
    0x08001f80   0x00000144   Code   RO         2325    i.Init_connect_7KT  rs232.o
    0x080020c4   0x0000003e   Code   RO         3428    i.IntToUnicode      hw_config.o
    0x08002102   0x00000002   PAD
    0x08002104   0x00000030   Code   RO         4078    i.LCD_Clear         lcd_driver.o
    0x08002134   0x0000017c   Code   RO         4079    i.LCD_Init          lcd_driver.o
    0x080022b0   0x00000030   Code   RO         4080    i.LCD_PutChar       lcd_driver.o
    0x080022e0   0x00000038   Code   RO         4081    i.LCD_PutCharAT     lcd_driver.o
    0x08002318   0x00000048   Code   RO         4083    i.LCD_PutTextAT     lcd_driver.o
    0x08002360   0x0000004c   Code   RO         4085    i.LCD_PutValueAT    lcd_driver.o
    0x080023ac   0x00000044   Code   RO         3558    i.MAL_GetStatus     mass_mal.o
    0x080023f0   0x00000060   Code   RO         3800    i.MASS_Data_Setup   usb_prop.o
    0x08002450   0x00000014   Code   RO         3801    i.MASS_GetConfigDescriptor  usb_prop.o
    0x08002464   0x00000014   Code   RO         3802    i.MASS_GetDeviceDescriptor  usb_prop.o
    0x08002478   0x00000028   Code   RO         3803    i.MASS_GetStringDescriptor  usb_prop.o
    0x080024a0   0x00000016   Code   RO         3804    i.MASS_Get_Interface_Setting  usb_prop.o
    0x080024b6   0x00000002   PAD
    0x080024b8   0x0000005c   Code   RO         3805    i.MASS_NoData_Setup  usb_prop.o
    0x08002514   0x000000f0   Code   RO         3806    i.MASS_Reset        usb_prop.o
    0x08002604   0x00000002   Code   RO         3807    i.MASS_Status_In    usb_prop.o
    0x08002606   0x00000002   Code   RO         3808    i.MASS_Status_Out   usb_prop.o
    0x08002608   0x00000024   Code   RO         3809    i.MASS_init         usb_prop.o
    0x0800262c   0x0000001c   Code   RO         3810    i.Mass_Storage_ClearFeature  usb_prop.o
    0x08002648   0x0000008c   Code   RO         3673    i.Mass_Storage_In   usb_bot.o
    0x080026d4   0x00000090   Code   RO         3674    i.Mass_Storage_Out  usb_bot.o
    0x08002764   0x0000004c   Code   RO         3811    i.Mass_Storage_SetConfiguration  usb_prop.o
    0x080027b0   0x0000000c   Code   RO         3812    i.Mass_Storage_SetDeviceAddress  usb_prop.o
    0x080027bc   0x00000004   Code   RO          273    i.MemManage_Handler  stm32f10x_it.o
    0x080027c0   0x00000002   Code   RO          274    i.NMI_Handler       stm32f10x_it.o
    0x080027c2   0x00000002   Code   RO         2808    i.NOP_Process       usb_core.o
    0x080027c4   0x00000018   Code   RO          107    i.NVIC_ClearPendingIRQ  main.o
    0x080027dc   0x00000018   Code   RO          108    i.NVIC_EnableIRQ    main.o
    0x080027f4   0x00000018   Code   RO         3434    i.NVIC_EnableIRQ    hw_config.o
    0x0800280c   0x00000028   Code   RO          109    i.NVIC_SetPriority  main.o
    0x08002834   0x00000028   Code   RO         3435    i.NVIC_SetPriority  hw_config.o
    0x0800285c   0x00000134   Code   RO         2809    i.NoData_Setup0     usb_core.o
    0x08002990   0x00000050   Code   RO         2810    i.Out0_Process      usb_core.o
    0x080029e0   0x00000028   Code   RO         3000    i.PMAToUserBufferCopy  usb_mem.o
    0x08002a08   0x00000002   Code   RO          275    i.PendSV_Handler    stm32f10x_it.o
    0x08002a0a   0x00000002   PAD
    0x08002a0c   0x00000048   Code   RO         2811    i.Post0_Process     usb_core.o
    0x08002a54   0x00000038   Code   RO         3913    i.PowerOn           usb_pwr.o
    0x08002a8c   0x0000006c   Code   RO          791    i.RCC_ADCCLKConfig  stm32f10x_rcc.o
    0x08002af8   0x00000084   Code   RO          792    i.RCC_AHBPeriphClockCmd  stm32f10x_rcc.o
    0x08002b7c   0x00000084   Code   RO          793    i.RCC_APB1PeriphClockCmd  stm32f10x_rcc.o
    0x08002c00   0x00000084   Code   RO          794    i.RCC_APB1PeriphResetCmd  stm32f10x_rcc.o
    0x08002c84   0x00000084   Code   RO          795    i.RCC_APB2PeriphClockCmd  stm32f10x_rcc.o
    0x08002d08   0x00000084   Code   RO          796    i.RCC_APB2PeriphResetCmd  stm32f10x_rcc.o
    0x08002d8c   0x00000054   Code   RO          821    i.RCC_USBCLKConfig  stm32f10x_rcc.o
    0x08002de0   0x00000084   Code   RO         2326    i.ReadEEPROM_CmdDMA  rs232.o
    0x08002e64   0x00000080   Code   RO         2327    i.ReadRAM_CmdDMA    rs232.o
    0x08002ee4   0x00000158   Code   RO         3610    i.Read_Memory       memory.o
    0x0800303c   0x0000008c   Code   RO         3963    i.SCSI_Address_Management  usb_scsi.o
    0x080030c8   0x00000030   Code   RO         3964    i.SCSI_Format_Cmd   usb_scsi.o
    0x080030f8   0x00000048   Code   RO         3965    i.SCSI_Inquiry_Cmd  usb_scsi.o
    0x08003140   0x00000044   Code   RO         3966    i.SCSI_Invalid_Cmd  usb_scsi.o
    0x08003184   0x00000014   Code   RO         3967    i.SCSI_ModeSense10_Cmd  usb_scsi.o
    0x08003198   0x00000014   Code   RO         3968    i.SCSI_ModeSense6_Cmd  usb_scsi.o
    0x080031ac   0x00000078   Code   RO         3969    i.SCSI_Read10_Cmd   usb_scsi.o
    0x08003224   0x0000009c   Code   RO         3970    i.SCSI_ReadCapacity10_Cmd  usb_scsi.o
    0x080032c0   0x00000088   Code   RO         3971    i.SCSI_ReadFormatCapacity_Cmd  usb_scsi.o
    0x08003348   0x00000028   Code   RO         3972    i.SCSI_RequestSense_Cmd  usb_scsi.o
    0x08003370   0x0000000e   Code   RO         3973    i.SCSI_Start_Stop_Unit_Cmd  usb_scsi.o
    0x0800337e   0x00000002   PAD
    0x08003380   0x00000038   Code   RO         3974    i.SCSI_TestUnitReady_Cmd  usb_scsi.o
    0x080033b8   0x00000040   Code   RO         3976    i.SCSI_Verify10_Cmd  usb_scsi.o
    0x080033f8   0x00000078   Code   RO         3977    i.SCSI_Write10_Cmd  usb_scsi.o
    0x08003470   0x00000078   Code   RO          110    i.SD_Card_Selftest  main.o
    0x080034e8   0x00000090   Code   RO         1259    i.SPI_CalculateCRC  stm32f10x_spi.o
    0x08003578   0x00000090   Code   RO         1260    i.SPI_Cmd           stm32f10x_spi.o
    0x08003608   0x000000a8   Code   RO         1267    i.SPI_I2S_DeInit    stm32f10x_spi.o
    0x080036b0   0x00000188   Code   RO         1273    i.SPI_Init          stm32f10x_spi.o
    0x08003838   0x00000104   Code   RO         2193    i.SPI_SD_GETCSD     spi_sdcard.o
    0x0800393c   0x00000030   Code   RO         2194    i.SPI_SD_ReadBlock  spi_sdcard.o
    0x0800396c   0x00000058   Code   RO         2195    i.SPI_SD_ReadMultiBlock  spi_sdcard.o
    0x080039c4   0x00000034   Code   RO         2196    i.SPI_SD_WriteBlock  spi_sdcard.o
    0x080039f8   0x00000068   Code   RO         2197    i.SPI_SD_WriteMultiBlock  spi_sdcard.o
    0x08003a60   0x00000002   Code   RO          276    i.SVC_Handler       stm32f10x_it.o
    0x08003a62   0x00000002   PAD
    0x08003a64   0x0000005c   Code   RO         2330    i.SendActiv_level   rs232.o
    0x08003ac0   0x00000010   Code   RO         3056    i.SetBTABLE         usb_regs.o
    0x08003ad0   0x00000048   Code   RO         2812    i.SetDeviceAddress  usb_core.o
    0x08003b18   0x00000024   Code   RO         3070    i.SetEPRxAddr       usb_regs.o
    0x08003b3c   0x0000004c   Code   RO         3071    i.SetEPRxCount      usb_regs.o
    0x08003b88   0x00000038   Code   RO         3072    i.SetEPRxStatus     usb_regs.o
    0x08003bc0   0x0000002c   Code   RO         3073    i.SetEPRxValid      usb_regs.o
    0x08003bec   0x00000020   Code   RO         3074    i.SetEPTxAddr       usb_regs.o
    0x08003c0c   0x0000001c   Code   RO         3075    i.SetEPTxCount      usb_regs.o
    0x08003c28   0x00000038   Code   RO         3076    i.SetEPTxStatus     usb_regs.o
    0x08003c60   0x0000001c   Code   RO         3078    i.SetEPType         usb_regs.o
    0x08003c7c   0x00000008   Code   RO            3    i.SetSysClock       system_stm32f10x.o
    0x08003c84   0x000000dc   Code   RO            4    i.SetSysClockTo48   system_stm32f10x.o
    0x08003d60   0x0000003c   Code   RO         3675    i.Set_CSW           usb_bot.o
    0x08003d9c   0x00000034   Code   RO         4086    i.Set_DDRAM_Address  lcd_driver.o
    0x08003dd0   0x0000000c   Code   RO         3978    i.Set_Scsi_Sense_Data  usb_scsi.o
    0x08003ddc   0x000000b8   Code   RO         2813    i.Setup0_Process    usb_core.o
    0x08003e94   0x00000148   Code   RO         2814    i.Standard_ClearFeature  usb_core.o
    0x08003fdc   0x0000002c   Code   RO         2815    i.Standard_GetConfiguration  usb_core.o
    0x08004008   0x00000024   Code   RO         2816    i.Standard_GetDescriptorData  usb_core.o
    0x0800402c   0x0000002c   Code   RO         2817    i.Standard_GetInterface  usb_core.o
    0x08004058   0x000000f8   Code   RO         2818    i.Standard_GetStatus  usb_core.o
    0x08004150   0x00000048   Code   RO         2819    i.Standard_SetConfiguration  usb_core.o
    0x08004198   0x00000028   Code   RO         2820    i.Standard_SetDeviceFeature  usb_core.o
    0x080041c0   0x000000b8   Code   RO         2821    i.Standard_SetEndPointFeature  usb_core.o
    0x08004278   0x0000006c   Code   RO         2822    i.Standard_SetInterface  usb_core.o
    0x080042e4   0x00000060   Code   RO            6    i.SystemInit        system_stm32f10x.o
    0x08004344   0x000000e0   Code   RO          277    i.TIM2_IRQHandler   stm32f10x_it.o
    0x08004424   0x00000038   Code   RO         3676    i.Transfer_Data_Request  usb_bot.o
    0x0800445c   0x00000074   Code   RO          111    i.USART1_Init       main.o
    0x080044d0   0x0000000c   Code   RO          278    i.USBWakeUp_IRQHandler  stm32f10x_it.o
    0x080044dc   0x00000050   Code   RO         3438    i.USB_Cable_Config  hw_config.o
    0x0800452c   0x0000003c   Code   RO         2931    i.USB_Init          usb_init.o
    0x08004568   0x00000020   Code   RO         3441    i.USB_Interrupts_Config  hw_config.o
    0x08004588   0x00000050   Code   RO         3773    i.USB_Istr          usb_istr.o
    0x080045d8   0x00000008   Code   RO          279    i.USB_LP_CAN1_RX0_IRQHandler  stm32f10x_it.o
    0x080045e0   0x00000002   Code   RO         3442    i.USB_NotConfigured_LED  hw_config.o
    0x080045e2   0x0000002e   Code   RO         3395    i.USB_SIL_Read      usb_sil.o
    0x08004610   0x0000002e   Code   RO         3396    i.USB_SIL_Write     usb_sil.o
    0x0800463e   0x00000004   Code   RO          280    i.UsageFault_Handler  stm32f10x_it.o
    0x08004642   0x00000002   PAD
    0x08004644   0x00000038   Code   RO         3001    i.UserToPMABufferCopy  usb_mem.o
    0x0800467c   0x0000016c   Code   RO         3611    i.Write_Memory      memory.o
    0x080047e8   0x00000004   Code   RO          113    i.assert_failed     main.o
    0x080047ec   0x0000004c   Code   RO         2333    i.check_crc         rs232.o
    0x08004838   0x00000090   Code   RO         2425    i.check_fs          ff.o
    0x080048c8   0x0000003c   Code   RO         2334    i.check_global_crc  rs232.o
    0x08004904   0x00000014   Code   RO         2426    i.chk_chr           ff.o
    0x08004918   0x0000039c   Code   RO         2427    i.chk_mounted       ff.o
    0x08004cb4   0x0000001a   Code   RO         2428    i.clust2sect        ff.o
    0x08004cce   0x00000002   PAD
    0x08004cd0   0x00000090   Code   RO         2429    i.cmp_lfn           ff.o
    0x08004d60   0x000000ca   Code   RO         2430    i.create_chain      ff.o
    0x08004e2a   0x00000002   PAD
    0x08004e2c   0x00000230   Code   RO         2431    i.create_name       ff.o
    0x0800505c   0x00000056   Code   RO         2432    i.dir_alloc         ff.o
    0x080050b2   0x000000de   Code   RO         2433    i.dir_find          ff.o
    0x08005190   0x00000110   Code   RO         2434    i.dir_next          ff.o
    0x080052a0   0x000000c4   Code   RO         2435    i.dir_read          ff.o
    0x08005364   0x00000136   Code   RO         2436    i.dir_register      ff.o
    0x0800549a   0x00000060   Code   RO         2437    i.dir_remove        ff.o
    0x080054fa   0x0000009c   Code   RO         2438    i.dir_sdi           ff.o
    0x08005596   0x00000002   PAD
    0x08005598   0x00000038   Code   RO         2724    i.disk_initialize   diskio.o
    0x080055d0   0x00000054   Code   RO         2725    i.disk_ioctl        diskio.o
    0x08005624   0x00000054   Code   RO         2726    i.disk_read         diskio.o
    0x08005678   0x00000014   Code   RO         2727    i.disk_status       diskio.o
    0x0800568c   0x00000060   Code   RO         2728    i.disk_write        diskio.o
    0x080056ec   0x000000f8   Code   RO         2198    i.dma_transfer      spi_sdcard.o
    0x080057e4   0x00000016   Code   RO         2440    i.f_close           ff.o
    0x080057fa   0x000000be   Code   RO         2442    i.f_getlabel        ff.o
    0x080058b8   0x000001ae   Code   RO         2443    i.f_lseek           ff.o
    0x08005a66   0x00000002   PAD
    0x08005a68   0x00000168   Code   RO         2444    i.f_mkdir           ff.o
    0x08005bd0   0x00000634   Code   RO         2445    i.f_mkfs            ff.o
    0x08006204   0x0000002c   Code   RO         2446    i.f_mount           ff.o
    0x08006230   0x00000164   Code   RO         2447    i.f_open            ff.o
    0x08006394   0x00000078   Code   RO         2448    i.f_opendir         ff.o
    0x0800640c   0x00000194   Code   RO         2452    i.f_setlabel        ff.o
    0x080065a0   0x000000ae   Code   RO         2454    i.f_sync            ff.o
    0x0800664e   0x00000002   PAD
    0x08006650   0x000000b4   Code   RO         2456    i.f_unlink          ff.o
    0x08006704   0x0000020a   Code   RO         2458    i.f_write           ff.o
    0x0800690e   0x00000002   PAD
    0x08006910   0x0000004c   Code   RO         2773    i.ff_convert        ccsbcs.o
    0x0800695c   0x00000038   Code   RO         2774    i.ff_wtoupper       ccsbcs.o
    0x08006994   0x00000080   Code   RO         2459    i.fit_lfn           ff.o
    0x08006a14   0x00000092   Code   RO         2460    i.follow_path       ff.o
    0x08006aa6   0x000000a8   Code   RO         2461    i.gen_numname       ff.o
    0x08006b4e   0x000000e4   Code   RO         2462    i.get_fat           ff.o
    0x08006c32   0x00000002   PAD
    0x08006c34   0x0000003c   Code   RO         2729    i.get_fattime       diskio.o
    0x08006c70   0x00000026   Code   RO         2335    i.hex2dec_byte      rs232.o
    0x08006c96   0x00000072   Code   RO         2336    i.hex2dec_word      rs232.o
    0x08006d08   0x00000024   Code   RO         2199    i.interface_speed   spi_sdcard.o
    0x08006d2c   0x00000020   Code   RO         2464    i.ld_clust          ff.o
    0x08006d4c   0x00000a10   Code   RO          114    i.main              main.o
    0x0800775c   0x00000026   Code   RO         2465    i.mem_cmp           ff.o
    0x08007782   0x0000001a   Code   RO         2466    i.mem_cpy           ff.o
    0x0800779c   0x00000014   Code   RO         2467    i.mem_set           ff.o
    0x080077b0   0x00000032   Code   RO         2468    i.move_window       ff.o
    0x080077e2   0x00000002   PAD
    0x080077e4   0x00000074   Code   RO         2469    i.pick_lfn          ff.o
    0x08007858   0x00000048   Code   RO         2200    i.power_off         spi_sdcard.o
    0x080078a0   0x000000dc   Code   RO         2201    i.power_on          spi_sdcard.o
    0x0800797c   0x0000013c   Code   RO         2470    i.put_fat           ff.o
    0x08007ab8   0x0000004c   Code   RO         2202    i.rcvr_datablock    spi_sdcard.o
    0x08007b04   0x00000020   Code   RO         2203    i.rcvr_spi          spi_sdcard.o
    0x08007b24   0x00000068   Code   RO         2471    i.remove_chain      ff.o
    0x08007b8c   0x00000144   Code   RO         2204    i.sd_card_init      spi_sdcard.o
    0x08007cd0   0x00000058   Code   RO         2205    i.sdcard_reinitial  spi_sdcard.o
    0x08007d28   0x000000a4   Code   RO         2206    i.send_cmd          spi_sdcard.o
    0x08007dcc   0x00000020   Code   RO         2207    i.spi_rw            spi_sdcard.o
    0x08007dec   0x00000010   Code   RO         2472    i.st_clust          ff.o
    0x08007dfc   0x00000020   Code   RO         2473    i.sum_sfn           ff.o
    0x08007e1c   0x000000c8   Code   RO         2474    i.sync_fs           ff.o
    0x08007ee4   0x00000052   Code   RO         2475    i.sync_window       ff.o
    0x08007f36   0x00000036   Code   RO         2476    i.validate          ff.o
    0x08007f6c   0x00000034   Code   RO         2208    i.wait_ready        spi_sdcard.o
    0x08007fa0   0x0000004a   Code   RO         2209    i.xmit_datablock    spi_sdcard.o
    0x08007fea   0x00000002   PAD
    0x08007fec   0x00000020   Code   RO         2210    i.xmit_spi          spi_sdcard.o
    0x0800800c   0x00000002   Data   RO         2212    .constdata          spi_sdcard.o
    0x0800800e   0x000000ba   Data   RO         2478    .constdata          ff.o
    0x080080c8   0x000004c0   Data   RO         2775    .constdata          ccsbcs.o
    0x08008588   0x00000092   Data   RO         3726    .constdata          usb_desc.o
    0x0800861a   0x000000aa   Data   RO         4088    .constdata          lcd_driver.o
    0x080086c4   0x00000020   Data   RO         4336    Region$$Table       anon$$obj.o


    Execution Region RW_IRAM1 (Base: 0x20009500, Size: 0x00003ea8, Max: 0x00004000, ABSOLUTE, COMPRESSED[0x000000f4])

    Base Addr    Size         Type   Attr      Idx    E Section Name        Object

    0x20009500   0x00000063   Data   RW          116    .data               main.o
    0x20009563   0x00000001   PAD
    0x20009564   0x00000021   Data   RW          281    .data               stm32f10x_it.o
    0x20009585   0x00000002   Data   RW         2213    .data               spi_sdcard.o
    0x20009587   0x00000001   PAD
    0x20009588   0x0000001e   Data   RW         2337    .data               rs232.o
    0x200095a6   0x00000002   PAD
    0x200095a8   0x00000006   Data   RW         2479    .data               ff.o
    0x200095ae   0x00000004   Data   RW         2823    .data               usb_core.o
    0x200095b2   0x00000002   PAD
    0x200095b4   0x00000014   Data   RW         2933    .data               usb_init.o
    0x200095c8   0x00000004   Data   RW         2964    .data               usb_int.o
    0x200095cc   0x0000001c   Data   RW         3562    .data               mass_mal.o
    0x200095e8   0x0000002c   Data   RW         3613    .data               memory.o
    0x20009614   0x0000007f   Data   RW         3651    .data               scsi_data.o
    0x20009693   0x00000001   PAD
    0x20009694   0x0000000c   Data   RW         3678    .data               usb_bot.o
    0x200096a0   0x0000001a   Data   RW         3727    .data               usb_desc.o
    0x200096ba   0x00000002   PAD
    0x200096bc   0x00000056   Data   RW         3774    .data               usb_istr.o
    0x20009712   0x00000002   PAD
    0x20009714   0x00000094   Data   RW         3813    .data               usb_prop.o
    0x200097a8   0x0000000e   Data   RW         3918    .data               usb_pwr.o
    0x200097b6   0x00000002   PAD
    0x200097b8   0x000024ac   Zero   RW          115    .bss                main.o
    0x2000bc64   0x00000014   Zero   RW         2211    .bss                spi_sdcard.o
    0x2000bc78   0x0000003e   Zero   RW         2477    .bss                ff.o
    0x2000bcb6   0x00000002   PAD
    0x2000bcb8   0x0000001c   Zero   RW         2932    .bss                usb_init.o
    0x2000bcd4   0x00001000   Zero   RW         3612    .bss                memory.o
    0x2000ccd4   0x00000070   Zero   RW         3677    .bss                usb_bot.o
    0x2000cd44   0x00000060   Zero   RW         4213    .bss                c_w.l(libspace.o)
    0x2000cda4   0x00000004   PAD
    0x2000cda8   0x00000200   Zero   RW           96    HEAP                startup_stm32f10x_hd.o
    0x2000cfa8   0x00000400   Zero   RW           95    STACK               startup_stm32f10x_hd.o


==============================================================================

Image component sizes


      Code (inc. data)   RO Data    RW Data    ZI Data      Debug   Object Name

       132         16       1216          0          0       2071   ccsbcs.o
       400         42          0          0          0       3845   diskio.o
      9504        180        186          6         62      37313   ff.o
       292         24          0          0          0       3815   hw_config.o
       764         60        170          0          0       6530   lcd_driver.o
      3980        442          0         99       9388      41844   main.o
        68         22          0         28          0       2703   mass_mal.o
       708         88          0         44       4096       3492   memory.o
      1276         98          0         30          0       6557   rs232.o
         0          0          0        127          0        962   scsi_data.o
      2002        136          2          2         20      13157   spi_sdcard.o
        64         26        304          0       1536        820   startup_stm32f10x_hd.o
         0          0          0          0          0     230404   stm32f10x_bkp.o
       660        120          0          0          0       2941   stm32f10x_dma.o
       376        112          0          0          0       1513   stm32f10x_exti.o
      1040        328          0          0          0       3844   stm32f10x_gpio.o
      1160        182          0         33          0       8149   stm32f10x_it.o
       852        418          0          0          0       3938   stm32f10x_rcc.o
       848        260          0          0          0       3349   stm32f10x_spi.o
       324         26          0          0          0     229617   system_stm32f10x.o
      1172        110          0         12        112       4071   usb_bot.o
      2966        282          0          4          0      13159   usb_core.o
         0          0        146         26          0        864   usb_desc.o
        16          0          0          0          0        825   usb_endp.o
        60         24          0         20         28       3866   usb_init.o
       616         28          0          4          0       1524   usb_int.o
        80         18          0         86          0       1256   usb_istr.o
        96         10          0          0          0       1580   usb_mem.o
       714        132          0        148          0      10430   usb_prop.o
        56         10          0         14          0       1747   usb_pwr.o
       624        110          0          0          0       8544   usb_regs.o
      1086        130          0          0          0       8547   usb_scsi.o
        92          0          0          0          0       1427   usb_sil.o

    ----------------------------------------------------------------------
     32060       3434       2056        696      15244     664704   Object Totals
         0          0         32          0          0          0   (incl. Generated)
        32          0          0         13          2          0   (incl. Padding)

    ----------------------------------------------------------------------

      Code (inc. data)   RO Data    RW Data    ZI Data      Debug   Library Member Name

        90          0          0          0          0          0   __dczerorl2.o
         8          0          0          0          0         68   __main.o
        52          8          0          0          0          0   __scatter.o
        28          0          0          0          0          0   __scatter_zi.o
        12          0          0          0          0         72   exit.o
         6          0          0          0          0        152   heapauxi.o
         0          0          0          0          0          0   indicate_semi.o
         2          0          0          0          0          0   libinit.o
         2          0          0          0          0          0   libinit2.o
         2          0          0          0          0          0   libshutdown.o
         2          0          0          0          0          0   libshutdown2.o
         8          4          0          0         96         68   libspace.o
        78          0          0          0          0         80   rt_memclr_w.o
         0          0          0          0          0          0   rtentry.o
        12          0          0          0          0          0   rtentry2.o
         6          0          0          0          0          0   rtentry4.o
         2          0          0          0          0          0   rtexit.o
        10          0          0          0          0          0   rtexit2.o
        12          4          0          0          0         68   sys_exit.o
        74          0          0          0          0         80   sys_stackheap_outer.o
         2          0          0          0          0         68   use_no_semi.o

    ----------------------------------------------------------------------
       416         16          0          0        100        656   Library Totals
         8          0          0          0          4          0   (incl. Padding)

    ----------------------------------------------------------------------

      Code (inc. data)   RO Data    RW Data    ZI Data      Debug   Library Name

       408         16          0          0         96        656   c_w.l

    ----------------------------------------------------------------------
       416         16          0          0        100        656   Library Totals

    ----------------------------------------------------------------------

==============================================================================


      Code (inc. data)   RO Data    RW Data    ZI Data      Debug   

     32476       3450       2056        696      15344     653296   Grand Totals
     32476       3450       2056        244      15344     653296   ELF Image Totals (compressed)
     32476       3450       2056        244          0          0   ROM Totals

==============================================================================

    Total RO  Size (Code + RO Data)                34532 (  33.72kB)
    Total RW  Size (RW Data + ZI Data)             16040 (  15.66kB)
    Total ROM Size (Code + RO Data + RW Data)      34776 (  33.96kB)

==============================================================================

